Component: ARM Compiler 5.05 update 1 (build 106) Tool: armlink [4d0efa]

==============================================================================

Section Cross References

    main.o(i.Position_PID) refers to fflt_clz.o(x$fpl$fflt) for __aeabi_i2f
    main.o(i.Position_PID) refers to faddsub_clz.o(x$fpl$fadd) for __aeabi_fadd
    main.o(i.Position_PID) refers to faddsub_clz.o(x$fpl$fsub) for __aeabi_fsub
    main.o(i.Position_PID) refers to fmul.o(x$fpl$fmul) for __aeabi_fmul
    main.o(i.Position_PID) refers to ffix.o(x$fpl$ffix) for __aeabi_f2iz
    main.o(i.Position_PID) refers to main.o(.data) for Bias
    main.o(i.main) refers to _printf_percent.o(.ARM.Collect$$_printf_percent$$00000000) for _printf_percent
    main.o(i.main) refers to _printf_d.o(.ARM.Collect$$_printf_percent$$00000009) for _printf_d
    main.o(i.main) refers to _printf_dec.o(.text) for _printf_int_dec
    main.o(i.main) refers to delay.o(i.delay_init) for delay_init
    main.o(i.main) refers to misc.o(i.NVIC_PriorityGroupConfig) for NVIC_PriorityGroupConfig
    main.o(i.main) refers to usart.o(i.uart_init) for uart_init
    main.o(i.main) refers to lcd.o(i.LCD_Init) for LCD_Init
    main.o(i.main) refers to ffixu.o(x$fpl$ffixu) for __aeabi_f2uiz
    main.o(i.main) refers to lcd.o(i.LCD_ShowNum) for LCD_ShowNum
    main.o(i.main) refers to lcd.o(i.LCD_ShowString) for LCD_ShowString
    main.o(i.main) refers to stmflash.o(i.STMFLASH_Read) for STMFLASH_Read
    main.o(i.main) refers to atof.o(i.atof) for atof
    main.o(i.main) refers to d2f.o(x$fpl$d2f) for __aeabi_d2f
    main.o(i.main) refers to lcd.o(i.LCD_Fill) for LCD_Fill
    main.o(i.main) refers to timer.o(i.TIM3_PWM_Init) for TIM3_PWM_Init
    main.o(i.main) refers to timer.o(i.TIM5_Cap_Init) for TIM5_Cap_Init
    main.o(i.main) refers to remote.o(i.Remote_Init) for Remote_Init
    main.o(i.main) refers to remote.o(i.Remote_Scan) for Remote_Scan
    main.o(i.main) refers to show.o(i.PSelect) for PSelect
    main.o(i.main) refers to show.o(i.angle) for angle
    main.o(i.main) refers to show.o(i.targetspeed) for targetspeed
    main.o(i.main) refers to show.o(i.iSelect) for iSelect
    main.o(i.main) refers to show.o(i.dSelect) for dSelect
    main.o(i.main) refers to fmul.o(x$fpl$fmul) for __aeabi_fmul
    main.o(i.main) refers to fdiv.o(x$fpl$fdiv) for __aeabi_fdiv
    main.o(i.main) refers to stm32f10x_tim.o(i.TIM_SetCompare2) for TIM_SetCompare2
    main.o(i.main) refers to delay.o(i.delay_ms) for delay_ms
    main.o(i.main) refers to main.o(i.Position_PID) for Position_PID
    main.o(i.main) refers to show.o(i.lcdshow) for lcdshow
    main.o(i.main) refers to lcd.o(i.LCD_Fast_DrawPoint) for LCD_Fast_DrawPoint
    main.o(i.main) refers to noretval__2printf.o(.text) for __2printf
    main.o(i.main) refers to stmflash.o(i.STMFLASH_Write) for STMFLASH_Write
    main.o(i.main) refers to main.o(.data) for Position_KP
    main.o(i.main) refers to show.o(.data) for num
    main.o(i.main) refers to lcd.o(.data) for POINT_COLOR
    main.o(i.main) refers to timer.o(.data) for i
    main.o(i.main) refers to usart.o(.data) for USART_RX_STA
    main.o(i.main) refers to usart.o(.bss) for USART_RX_BUF
    main.o(i.main) refers to stm32f10x_usart.o(i.USART_GetFlagStatus) for USART_GetFlagStatus
    system_stm32f10x.o(i.SetSysClock) refers to system_stm32f10x.o(i.SetSysClockTo72) for SetSysClockTo72
    system_stm32f10x.o(i.SystemCoreClockUpdate) refers to system_stm32f10x.o(.data) for SystemCoreClock
    system_stm32f10x.o(i.SystemInit) refers to system_stm32f10x.o(i.SetSysClock) for SetSysClock
    delay.o(i.delay_init) refers to misc.o(i.SysTick_CLKSourceConfig) for SysTick_CLKSourceConfig
    delay.o(i.delay_init) refers to system_stm32f10x.o(.data) for SystemCoreClock
    delay.o(i.delay_init) refers to delay.o(.data) for fac_us
    delay.o(i.delay_ms) refers to delay.o(.data) for fac_ms
    delay.o(i.delay_us) refers to delay.o(.data) for fac_us
    usart.o(i.USART1_IRQHandler) refers (Special) to use_no_semi_2.o(.text) for __use_no_semihosting
    usart.o(i.USART1_IRQHandler) refers to stm32f10x_usart.o(i.USART_GetITStatus) for USART_GetITStatus
    usart.o(i.USART1_IRQHandler) refers to stm32f10x_usart.o(i.USART_ReceiveData) for USART_ReceiveData
    usart.o(i.USART1_IRQHandler) refers to usart.o(.data) for USART_RX_STA
    usart.o(i.USART1_IRQHandler) refers to usart.o(.bss) for USART_RX_BUF
    usart.o(i._sys_exit) refers (Special) to use_no_semi_2.o(.text) for __use_no_semihosting
    usart.o(i.fputc) refers (Special) to use_no_semi_2.o(.text) for __use_no_semihosting
    usart.o(i.uart_init) refers (Special) to use_no_semi_2.o(.text) for __use_no_semihosting
    usart.o(i.uart_init) refers to stm32f10x_rcc.o(i.RCC_APB2PeriphClockCmd) for RCC_APB2PeriphClockCmd
    usart.o(i.uart_init) refers to stm32f10x_gpio.o(i.GPIO_Init) for GPIO_Init
    usart.o(i.uart_init) refers to misc.o(i.NVIC_Init) for NVIC_Init
[...]
    i.PendSV_Handler                         0x0800622c   Section        0  stm32f10x_it.o(i.PendSV_Handler)
    i.Position_PID                           0x08006230   Section        0  main.o(i.Position_PID)
    i.RCC_AHBPeriphClockCmd                  0x080062cc   Section        0  stm32f10x_rcc.o(i.RCC_AHBPeriphClockCmd)
    i.RCC_APB1PeriphClockCmd                 0x080062ec   Section        0  stm32f10x_rcc.o(i.RCC_APB1PeriphClockCmd)
    i.RCC_APB2PeriphClockCmd                 0x0800630c   Section        0  stm32f10x_rcc.o(i.RCC_APB2PeriphClockCmd)
    i.RCC_GetClocksFreq                      0x0800632c   Section        0  stm32f10x_rcc.o(i.RCC_GetClocksFreq)
    i.Remote_Init                            0x08006400   Section        0  remote.o(i.Remote_Init)
    i.Remote_Scan                            0x080064bc   Section        0  remote.o(i.Remote_Scan)
    i.STMFLASH_Read                          0x08006524   Section        0  stmflash.o(i.STMFLASH_Read)
    i.STMFLASH_ReadHalfWord                  0x08006546   Section        0  stmflash.o(i.STMFLASH_ReadHalfWord)
    i.STMFLASH_Write                         0x0800654c   Section        0  stmflash.o(i.STMFLASH_Write)
    i.STMFLASH_Write_NoCheck                 0x08006634   Section        0  stmflash.o(i.STMFLASH_Write_NoCheck)
    i.SVC_Handler                            0x0800665a   Section        0  stm32f10x_it.o(i.SVC_Handler)
    i.SetSysClock                            0x0800665c   Section        0  system_stm32f10x.o(i.SetSysClock)
    SetSysClock                              0x0800665d   Thumb Code     8  system_stm32f10x.o(i.SetSysClock)
    i.SetSysClockTo72                        0x08006664   Section        0  system_stm32f10x.o(i.SetSysClockTo72)
    SetSysClockTo72                          0x08006665   Thumb Code   214  system_stm32f10x.o(i.SetSysClockTo72)
    i.SysTick_CLKSourceConfig                0x08006744   Section        0  misc.o(i.SysTick_CLKSourceConfig)
    i.SysTick_Handler                        0x0800676c   Section        0  stm32f10x_it.o(i.SysTick_Handler)
    i.SystemInit                             0x08006770   Section        0  system_stm32f10x.o(i.SystemInit)
    i.TI1_Config                             0x080067d0   Section        0  stm32f10x_tim.o(i.TI1_Config)
    TI1_Config                               0x080067d1   Thumb Code   108  stm32f10x_tim.o(i.TI1_Config)
    i.TI2_Config                             0x08006850   Section        0  stm32f10x_tim.o(i.TI2_Config)
    TI2_Config                               0x08006851   Thumb Code   130  stm32f10x_tim.o(i.TI2_Config)
    i.TI3_Config                             0x080068e8   Section        0  stm32f10x_tim.o(i.TI3_Config)
    TI3_Config                               0x080068e9   Thumb Code   122  stm32f10x_tim.o(i.TI3_Config)
    i.TI4_Config                             0x08006978   Section        0  stm32f10x_tim.o(i.TI4_Config)
    TI4_Config                               0x08006979   Thumb Code   130  stm32f10x_tim.o(i.TI4_Config)
    i.TIM3_IRQHandler                        0x08006a10   Section        0  timer.o(i.TIM3_IRQHandler)
    i.TIM3_PWM_Init                          0x08006a2c   Section        0  timer.o(i.TIM3_PWM_Init)
    i.TIM4_IRQHandler                        0x08006abc   Section        0  remote.o(i.TIM4_IRQHandler)
    i.TIM5_Cap_Init                          0x08006c54   Section        0  timer.o(i.TIM5_Cap_Init)
    i.TIM5_IRQHandler                        0x08006cfc   Section        0  timer.o(i.TIM5_IRQHandler)
    i.TIM_ClearITPendingBit                  0x08006e08   Section        0  stm32f10x_tim.o(i.TIM_ClearITPendingBit)
    i.TIM_Cmd                                0x08006e0e   Section        0  stm32f10x_tim.o(i.TIM_Cmd)
    i.TIM_GetCapture1                        0x08006e26   Section        0  stm32f10x_tim.o(i.TIM_GetCapture1)
    i.TIM_GetCapture4                        0x08006e2c   Section        0  stm32f10x_tim.o(i.TIM_GetCapture4)
    i.TIM_GetITStatus                        0x08006e34   Section        0  stm32f10x_tim.o(i.TIM_GetITStatus)
    i.TIM_ICInit                             0x08006e58   Section        0  stm32f10x_tim.o(i.TIM_ICInit)
    i.TIM_ITConfig                           0x08006f04   Section        0  stm32f10x_tim.o(i.TIM_ITConfig)
    i.TIM_OC2Init                            0x08006f18   Section        0  stm32f10x_tim.o(i.TIM_OC2Init)
    i.TIM_OC2PreloadConfig                   0x08006fbc   Section        0  stm32f10x_tim.o(i.TIM_OC2PreloadConfig)
    i.TIM_OC4PolarityConfig                  0x08006fd6   Section        0  stm32f10x_tim.o(i.TIM_OC4PolarityConfig)
    i.TIM_SetCompare2                        0x08006ff0   Section        0  stm32f10x_tim.o(i.TIM_SetCompare2)
    i.TIM_SetCounter                         0x08006ff4   Section        0  stm32f10x_tim.o(i.TIM_SetCounter)
    i.TIM_SetIC1Prescaler                    0x08006ff8   Section        0  stm32f10x_tim.o(i.TIM_SetIC1Prescaler)
    i.TIM_SetIC2Prescaler                    0x0800700a   Section        0  stm32f10x_tim.o(i.TIM_SetIC2Prescaler)
    i.TIM_SetIC3Prescaler                    0x08007024   Section        0  stm32f10x_tim.o(i.TIM_SetIC3Prescaler)
    i.TIM_SetIC4Prescaler                    0x08007036   Section        0  stm32f10x_tim.o(i.TIM_SetIC4Prescaler)
    i.TIM_TimeBaseInit                       0x08007050   Section        0  stm32f10x_tim.o(i.TIM_TimeBaseInit)
    i.USART1_IRQHandler                      0x080070f4   Section        0  usart.o(i.USART1_IRQHandler)
    i.USART_Cmd                              0x0800717c   Section        0  stm32f10x_usart.o(i.USART_Cmd)
    i.USART_GetFlagStatus                    0x08007194   Section        0  stm32f10x_usart.o(i.USART_GetFlagStatus)
    i.USART_GetITStatus                      0x080071ae   Section        0  stm32f10x_usart.o(i.USART_GetITStatus)
    i.USART_ITConfig                         0x08007202   Section        0  stm32f10x_usart.o(i.USART_ITConfig)
    i.USART_Init                             0x0800724c   Section        0  stm32f10x_usart.o(i.USART_Init)
    i.USART_ReceiveData                      0x08007324   Section        0  stm32f10x_usart.o(i.USART_ReceiveData)
    i.UsageFault_Handler                     0x0800732e   Section        0  stm32f10x_it.o(i.UsageFault_Handler)
    i.__mathlib_dbl_overflow                 0x08007332   Section        0  dunder.o(i.__mathlib_dbl_overflow)
    i.__mathlib_dbl_underflow                0x08007340   Section        0  dunder.o(i.__mathlib_dbl_underflow)
    i.__mathlib_narrow                       0x08007350   Section        0  narrow.o(i.__mathlib_narrow)
    i.__mathlib_tofloat                      0x08007360   Section        0  narrow.o(i.__mathlib_tofloat)
    i.__support_ldexp                        0x080073e8   Section        0  ldexp.o(i.__support_ldexp)
    i._is_digit                              0x080073fe   Section        0  __printf_wp.o(i._is_digit)
    i._sys_exit                              0x0800740c   Section        0  usart.o(i._sys_exit)
    i.angle                                  0x08007414   Section        0  show.o(i.angle)
    i.atof                                   0x08007558   Section        0  atof.o(i.atof)
    i.dSelect                                0x08007584   Section        0  show.o(i.dSelect)
    i.delay_init                             0x080076e4   Section        0  delay.o(i.delay_init)
    i.delay_ms                               0x08007728   Section        0  delay.o(i.delay_ms)
    i.delay_us                               0x08007774   Section        0  delay.o(i.delay_us)
    i.fputc                                  0x080077c0   Section        0  usart.o(i.fputc)
    i.frexp                                  0x080077dc   Section        0  frexp.o(i.frexp)
    i.iSelect                                0x08007834   Section        0  show.o(i.iSelect)
    i.lcdshow                                0x08007994   Section        0  show.o(i.lcdshow)
    i.ldexp                                  0x08007b0c   Section        0  ldexp.o(i.ldexp)
    i.main                                   0x08007b80   Section        0  main.o(i.main)
    i.targetspeed                            0x08008160   Section        0  show.o(i.targetspeed)
    i.uart_init                              0x080082c8   Section        0  usart.o(i.uart_init)
    locale$$code                             0x08008368   Section       44  lc_numeric_c.o(locale$$code)
    locale$$code                             0x08008394   Section       44  lc_ctype_c.o(locale$$code)
    x$fpl$d2f                                0x080083c0   Section       98  d2f.o(x$fpl$d2f)
    x$fpl$dcheck1                            0x08008424   Section       16  dcheck1.o(x$fpl$dcheck1)
    x$fpl$dcmpinf                            0x08008434   Section       24  dcmpi.o(x$fpl$dcmpinf)
    x$fpl$deqf                               0x0800844c   Section      120  deqf.o(x$fpl$deqf)
    x$fpl$dfixu                              0x080084c4   Section       90  dfixu.o(x$fpl$dfixu)
    x$fpl$dfltu                              0x0800851e   Section       38  dflt_clz.o(x$fpl$dfltu)
    x$fpl$dleqf                              0x08008544   Section      120  dleqf.o(x$fpl$dleqf)
    x$fpl$dmul                               0x080085bc   Section      340  dmul.o(x$fpl$dmul)
    x$fpl$dnaninf                            0x08008710   Section      156  dnaninf.o(x$fpl$dnaninf)
    x$fpl$dretinf                            0x080087ac   Section       12  dretinf.o(x$fpl$dretinf)
    x$fpl$drleqf                             0x080087b8   Section      108  drleqf.o(x$fpl$drleqf)
    x$fpl$fadd                               0x08008824   Section      196  faddsub_clz.o(x$fpl$fadd)
    _fadd1                                   0x08008833   Thumb Code     0  faddsub_clz.o(x$fpl$fadd)
    x$fpl$fcmpinf                            0x080088e8   Section       24  fcmpi.o(x$fpl$fcmpinf)
    x$fpl$fdiv                               0x08008900   Section      388  fdiv.o(x$fpl$fdiv)
    _fdiv1                                   0x08008901   Thumb Code     0  fdiv.o(x$fpl$fdiv)
    x$fpl$ffix                               0x08008a84   Section       54  ffix.o(x$fpl$ffix)
    x$fpl$ffixu                              0x08008abc   Section       62  ffixu.o(x$fpl$ffixu)
    x$fpl$fflt                               0x08008afc   Section       48  fflt_clz.o(x$fpl$fflt)
    x$fpl$fleqf                              0x08008b2c   Section      104  fleqf.o(x$fpl$fleqf)
    x$fpl$fmul                               0x08008b94   Section      258  fmul.o(x$fpl$fmul)
    x$fpl$fnaninf                            0x08008c96   Section      140  fnaninf.o(x$fpl$fnaninf)
    x$fpl$fretinf                            0x08008d22   Section       10  fretinf.o(x$fpl$fretinf)
    x$fpl$frleqf                             0x08008d2c   Section       98  frleqf.o(x$fpl$frleqf)
    x$fpl$fsub                               0x08008d90   Section      234  faddsub_clz.o(x$fpl$fsub)
    _fsub1                                   0x08008d9f   Thumb Code     0  faddsub_clz.o(x$fpl$fsub)
    x$fpl$retnan                             0x08008e7a   Section      100  retnan.o(x$fpl$retnan)
    x$fpl$scalbn                             0x08008ede   Section       92  scalbn.o(x$fpl$scalbn)
    x$fpl$scanf1                             0x08008f3a   Section        4  scanf1.o(x$fpl$scanf1)
    x$fpl$scanf2                             0x08008f3e   Section        8  scanf2.o(x$fpl$scanf2)
    x$fpl$trapveneer                         0x08008f46   Section       48  trapv.o(x$fpl$trapveneer)
    .constdata                               0x08008f76   Section     6080  lcd.o(.constdata)
    x$fpl$usenofp                            0x08008f76   Section        0  usenofp.o(x$fpl$usenofp)
    .constdata                               0x0800a738   Section       58  show.o(.constdata)
    .constdata                               0x0800a772   Section       40  _printf_hex_int.o(.constdata)
    uc_hextab                                0x0800a772   Data          20  _printf_hex_int.o(.constdata)
    lc_hextab                                0x0800a786   Data          20  _printf_hex_int.o(.constdata)
    .constdata                               0x0800a79c   Section      148  bigflt0.o(.constdata)
    tenpwrs_x                                0x0800a79c   Data          60  bigflt0.o(.constdata)
    tenpwrs_i                                0x0800a7d8   Data          64  bigflt0.o(.constdata)
    c$$dinf                                  0x0800a850   Section        8  fpconst.o(c$$dinf)
    locale$$data                             0x0800a858   Section       28  lc_numeric_c.o(locale$$data)
    __lcnum_c_name                           0x0800a85c   Data           2  lc_numeric_c.o(locale$$data)
    __lcnum_c_start                          0x0800a864   Data           0  lc_numeric_c.o(locale$$data)
    __lcnum_c_point                          0x0800a870   Data           0  lc_numeric_c.o(locale$$data)
    __lcnum_c_thousands                      0x0800a872   Data           0  lc_numeric_c.o(locale$$data)
    __lcnum_c_grouping                       0x0800a873   Data           0  lc_numeric_c.o(locale$$data)
    locale$$data                             0x0800a874   Section      272  lc_ctype_c.o(locale$$data)
    __lcnum_c_end                            0x0800a874   Data           0  lc_numeric_c.o(locale$$data)
    __lcctype_c_name                         0x0800a878   Data           2  lc_ctype_c.o(locale$$data)
    __lcctype_c_start                        0x0800a880   Data           0  lc_ctype_c.o(locale$$data)
    __lcctype_c_end                          0x0800a984   Data           0  lc_ctype_c.o(locale$$data)
    .data                                    0x20000000   Section       76  main.o(.data)
    Bias                                     0x20000020   Data           4  main.o(.data)
    Pwm                                      0x20000024   Data           4  main.o(.data)
    Integral_bias                            0x20000028   Data           4  main.o(.data)
    Last_Bias                                0x2000002c   Data           4  main.o(.data)
    Bias                                     0x2000003c   Data           4  main.o(.data)
    Pwm                                      0x20000040   Data           4  main.o(.data)
    Integral_bias                            0x20000044   Data           4  main.o(.data)
    Last_Bias                                0x20000048   Data           4  main.o(.data)
    .data                                    0x2000004c   Section       20  system_stm32f10x.o(.data)
    .data                                    0x20000060   Section        4  delay.o(.data)
    fac_us                                   0x20000060   Data           1  delay.o(.data)
    fac_ms                                   0x20000062   Data           2  delay.o(.data)
    .data                                    0x20000064   Section        6  usart.o(.data)
    .data                                    0x2000006a   Section       20  stm32f10x_rcc.o(.data)
    APBAHBPrescTable                         0x2000006a   Data          16  stm32f10x_rcc.o(.data)
    ADCPrescTable                            0x2000007a   Data           4  stm32f10x_rcc.o(.data)
    .data                                    0x2000007e   Section        4  lcd.o(.data)
    .data                                    0x20000084   Section        9  remote.o(.data)
    .data                                    0x20000090   Section        8  show.o(.data)
    .data                                    0x20000098   Section       11  timer.o(.data)
    .bss                                     0x200000a4   Section      200  usart.o(.bss)
    .bss                                     0x2000016c   Section       14  lcd.o(.bss)
    .bss                                     0x2000017a   Section       40  show.o(.bss)
    .bss                                     0x200001a2   Section     2048  stmflash.o(.bss)
    .bss                                     0x200009a2   Section       10  timer.o(.bss)
    .bss                                     0x200009ac   Section       96  libspace.o(.bss)
    HEAP                                     0x20000a10   Section      512  startup_stm32f10x_hd.o(HEAP)
    Heap_Mem                                 0x20000a10   Data         512  startup_stm32f10x_hd.o(HEAP)
    STACK                                    0x20000c10   Section     1024  startup_stm32f10x_hd.o(STACK)
    Stack_Mem                                0x20000c10   Data        1024  startup_stm32f10x_hd.o(STACK)
    __initial_sp                             0x20001010   Data           0  startup_stm32f10x_hd.o(STACK)

    Global Symbols

    Symbol Name                              Value     Ov Type        Size  Object(Section)

    BuildAttributes$$THM_ISAv4$P$D$K$B$S$PE$A:L22UL41UL21$X:L11$S22US41US21$IEEE1$IW$USESV6$~STKCKD$USESV7$~SHL$OTIME$ROPI$IEEEX$EBA8$UX$STANDARDLIB$REQ8$PRES8$EABIv2 0x00000000   Number         0  anon$$obj.o ABSOLUTE
    __ARM_use_no_argv                        0x00000000   Number         0  main.o ABSOLUTE
    __ARM_exceptions_init                     - Undefined Weak Reference
    __alloca_initialize                       - Undefined Weak Reference
    __arm_preinit_                            - Undefined Weak Reference
    __cpp_initialize__aeabi_                  - Undefined Weak Reference
    __cxa_finalize                            - Undefined Weak Reference
    __sigvec_lookup                           - Undefined Weak Reference
    _atexit_init                              - Undefined Weak Reference
    _call_atexit_fns                          - Undefined Weak Reference
    _clock_init                               - Undefined Weak Reference
    _fp_trap_init                             - Undefined Weak Reference
    _fp_trap_shutdown                         - Undefined Weak Reference
    _get_lc_collate                           - Undefined Weak Reference
    _get_lc_monetary                          - Undefined Weak Reference
    _get_lc_time                              - Undefined Weak Reference
    _getenv_init                              - Undefined Weak Reference
    _handle_redirection                       - Undefined Weak Reference
    _init_alloc                               - Undefined Weak Reference
    _init_user_alloc                          - Undefined Weak Reference
    _initio                                   - Undefined Weak Reference
    _mutex_acquire                            - Undefined Weak Reference
    _mutex_release                            - Undefined Weak Reference
    _printf_post_padding                      - Undefined Weak Reference
    _printf_pre_padding                       - Undefined Weak Reference
    _printf_truncate_signed                   - Undefined Weak Reference
    _printf_truncate_unsigned                 - Undefined Weak Reference
    _rand_init                                - Undefined Weak Reference
    _signal_finish                            - Undefined Weak Reference
    _signal_init                              - Undefined Weak Reference
    _terminate_alloc                          - Undefined Weak Reference
    _terminate_user_alloc                     - Undefined Weak Reference
    _terminateio                              - Undefined Weak Reference
    __Vectors_Size                           0x00000130   Number         0  startup_stm32f10x_hd.o ABSOLUTE
    __Vectors                                0x08000000   Data           4  startup_stm32f10x_hd.o(RESET)
    __Vectors_End                            0x08000130   Data           0  startup_stm32f10x_hd.o(RESET)
    __main                                   0x08000131   Thumb Code     8  __main.o(!!!main)
    __scatterload                            0x08000139   Thumb Code     0  __scatter.o(!!!scatter)
    __scatterload_rt2                        0x08000139   Thumb Code    44  __scatter.o(!!!scatter)
    __scatterload_rt2_thumb_only             0x08000139   Thumb Code     0  __scatter.o(!!!scatter)
    __scatterload_null                       0x08000147   Thumb Code     0  __scatter.o(!!!scatter)
    __scatterload_copy                       0x0800016d   Thumb Code    26  __scatter_copy.o(!!handler_copy)
    __scatterload_zeroinit                   0x08000189   Thumb Code    28  __scatter_zi.o(!!handler_zi)
    _printf_d                                0x080001a5   Thumb Code     0  _printf_d.o(.ARM.Collect$$_printf_percent$$00000009)
    _printf_percent                          0x080001a5   Thumb Code     0  _printf_percent.o(.ARM.Collect$$_printf_percent$$00000000)
    _printf_x                                0x080001ab   Thumb Code     0  _printf_x.o(.ARM.Collect$$_printf_percent$$0000000C)
    _printf_percent_end                      0x080001b1   Thumb Code     0  _printf_percent_end.o(.ARM.Collect$$_printf_percent$$00000017)
    __rt_lib_init                            0x080001b5   Thumb Code     0  libinit.o(.ARM.Collect$$libinit$$00000000)
    __rt_lib_init_fp_1                       0x080001b7   Thumb Code     0  libinit2.o(.ARM.Collect$$libinit$$00000002)
    __rt_lib_init_heap_1                     0x080001b7   Thumb Code     0  libinit2.o(.ARM.Collect$$libinit$$0000000A)
    __rt_lib_init_lc_common                  0x080001b7   Thumb Code     0  libinit2.o(.ARM.Collect$$libinit$$0000000F)
    __rt_lib_init_preinit_1                  0x080001b7   Thumb Code     0  libinit2.o(.ARM.Collect$$libinit$$00000004)
    __rt_lib_init_rand_1                     0x080001b7   Thumb Code     0  libinit2.o(.ARM.Collect$$libinit$$0000000E)
    __rt_lib_init_user_alloc_1               0x080001b7   Thumb Code     0  libinit2.o(.ARM.Collect$$libinit$$0000000C)
    __rt_lib_init_lc_collate_1               0x080001bd   Thumb Code     0  libinit2.o(.ARM.Collect$$libinit$$00000011)
    __rt_lib_init_lc_ctype_2                 0x080001bd   Thumb Code     0  libinit2.o(.ARM.Collect$$libinit$$00000012)
    __rt_lib_init_lc_ctype_1                 0x080001c9   Thumb Code     0  libinit2.o(.ARM.Collect$$libinit$$00000013)
    __rt_lib_init_lc_monetary_1              0x080001c9   Thumb Code     0  libinit2.o(.ARM.Collect$$libinit$$00000015)
    __rt_lib_init_lc_numeric_2               0x080001c9   Thumb Code     0  libinit2.o(.ARM.Collect$$libinit$$00000016)
    __rt_lib_init_alloca_1                   0x080001d3   Thumb Code     0  libinit2.o(.ARM.Collect$$libinit$$0000002E)
    __rt_lib_init_argv_1                     0x080001d3   Thumb Code     0  libinit2.o(.ARM.Collect$$libinit$$0000002C)
    __rt_lib_init_atexit_1                   0x080001d3   Thumb Code     0  libinit2.o(.ARM.Collect$$libinit$$0000001B)
    __rt_lib_init_clock_1                    0x080001d3   Thumb Code     0  libinit2.o(.ARM.Collect$$libinit$$00000021)
    __rt_lib_init_cpp_1                      0x080001d3   Thumb Code     0  libinit2.o(.ARM.Collect$$libinit$$00000032)
    __rt_lib_init_exceptions_1               0x080001d3   Thumb Code     0  libinit2.o(.ARM.Collect$$libinit$$00000030)
    __rt_lib_init_fp_trap_1                  0x080001d3   Thumb Code     0  libinit2.o(.ARM.Collect$$libinit$$0000001F)
    __rt_lib_init_getenv_1                   0x080001d3   Thumb Code     0  libinit2.o(.ARM.Collect$$libinit$$00000023)
    __rt_lib_init_lc_numeric_1               0x080001d3   Thumb Code     0  libinit2.o(.ARM.Collect$$libinit$$00000017)
    __rt_lib_init_lc_time_1                  0x080001d3   Thumb Code     0  libinit2.o(.ARM.Collect$$libinit$$00000019)
    __rt_lib_init_return                     0x080001d3   Thumb Code     0  libinit2.o(.ARM.Collect$$libinit$$00000033)
    __rt_lib_init_signal_1                   0x080001d3   Thumb Code     0  libinit2.o(.ARM.Collect$$libinit$$0000001D)
    __rt_lib_init_stdio_1                    0x080001d3   Thumb Code     0  libinit2.o(.ARM.Collect$$libinit$$00000025)
    __rt_lib_shutdown                        0x080001d5   Thumb Code     0  libshutdown.o(.ARM.Collect$$libshutdown$$00000000)
    __rt_lib_shutdown_fp_trap_1              0x080001d7   Thumb Code     0  libshutdown2.o(.ARM.Collect$$libshutdown$$00000006)
    __rt_lib_shutdown_heap_1                 0x080001d7   Thumb Code     0  libshutdown2.o(.ARM.Collect$$libshutdown$$0000000E)
    __rt_lib_shutdown_return                 0x080001d7   Thumb Code     0  libshutdown2.o(.ARM.Collect$$libshutdown$$0000000F)
    __rt_lib_shutdown_signal_1               0x080001d7   Thumb Code     0  libshutdown2.o(.ARM.Collect$$libshutdown$$00000009)
    __rt_lib_shutdown_stdio_1                0x080001d7   Thumb Code     0  libshutdown2.o(.ARM.Collect$$libshutdown$$00000003)
    __rt_lib_shutdown_user_alloc_1           0x080001d7   Thumb Code     0  libshutdown2.o(.ARM.Collect$$libshutdown$$0000000B)
    __rt_entry                               0x080001d9   Thumb Code     0  __rtentry.o(.ARM.Collect$$rtentry$$00000000)
    __rt_entry_presh_1                       0x080001d9   Thumb Code     0  __rtentry2.o(.ARM.Collect$$rtentry$$00000002)
    __rt_entry_sh                            0x080001d9   Thumb Code     0  __rtentry4.o(.ARM.Collect$$rtentry$$00000004)
    __rt_entry_li                            0x080001df   Thumb Code     0  __rtentry2.o(.ARM.Collect$$rtentry$$0000000A)
    __rt_entry_postsh_1                      0x080001df   Thumb Code     0  __rtentry2.o(.ARM.Collect$$rtentry$$00000009)
    __rt_entry_main                          0x080001e3   Thumb Code     0  __rtentry2.o(.ARM.Collect$$rtentry$$0000000D)
    __rt_entry_postli_1                      0x080001e3   Thumb Code     0  __rtentry2.o(.ARM.Collect$$rtentry$$0000000C)
    __rt_exit                                0x080001eb   Thumb Code     0  rtexit.o(.ARM.Collect$$rtexit$$00000000)
    __rt_exit_ls                             0x080001ed   Thumb Code     0  rtexit2.o(.ARM.Collect$$rtexit$$00000003)
    __rt_exit_prels_1                        0x080001ed   Thumb Code     0  rtexit2.o(.ARM.Collect$$rtexit$$00000002)
    __rt_exit_exit                           0x080001f1   Thumb Code     0  rtexit2.o(.ARM.Collect$$rtexit$$00000004)
    Reset_Handler                            0x080001f9   Thumb Code     8  startup_stm32f10x_hd.o(.text)
    ADC1_2_IRQHandler                        0x08000213   Thumb Code     0  startup_stm32f10x_hd.o(.text)
    ADC3_IRQHandler                          0x08000213   Thumb Code     0  startup_stm32f10x_hd.o(.text)
    CAN1_RX1_IRQHandler                      0x08000213   Thumb Code     0  startup_stm32f10x_hd.o(.text)
    CAN1_SCE_IRQHandler                      0x08000213   Thumb Code     0  startup_stm32f10x_hd.o(.text)
    DMA1_Channel1_IRQHandler                 0x08000213   Thumb Code     0  startup_stm32f10x_hd.o(.text)
    DMA1_Channel2_IRQHandler                 0x08000213   Thumb Code     0  startup_stm32f10x_hd.o(.text)
    DMA1_Channel3_IRQHandler                 0x08000213   Thumb Code     0  startup_stm32f10x_hd.o(.text)
    DMA1_Channel4_IRQHandler                 0x08000213   Thumb Code     0  startup_stm32f10x_hd.o(.text)
    DMA1_Channel5_IRQHandler                 0x08000213   Thumb Code     0  startup_stm32f10x_hd.o(.text)
    DMA1_Channel6_IRQHandler                 0x08000213   Thumb Code     0  startup_stm32f10x_hd.o(.text)
    DMA1_Channel7_IRQHandler                 0x08000213   Thumb Code     0  startup_stm32f10x_hd.o(.text)
    DMA2_Channel1_IRQHandler                 0x08000213   Thumb Code     0  startup_stm32f10x_hd.o(.text)
    DMA2_Channel2_IRQHandler                 0x08000213   Thumb Code     0  startup_stm32f10x_hd.o(.text)
    DMA2_Channel3_IRQHandler                 0x08000213   Thumb Code     0  startup_stm32f10x_hd.o(.text)
    DMA2_Channel4_5_IRQHandler               0x08000213   Thumb Code     0  startup_stm32f10x_hd.o(.text)
    EXTI0_IRQHandler                         0x08000213   Thumb Code     0  startup_stm32f10x_hd.o(.text)
    EXTI15_10_IRQHandler                     0x08000213   Thumb Code     0  startup_stm32f10x_hd.o(.text)
    EXTI1_IRQHandler                         0x08000213   Thumb Code     0  startup_stm32f10x_hd.o(.text)
    EXTI2_IRQHandler                         0x08000213   Thumb Code     0  startup_stm32f10x_hd.o(.text)
    EXTI3_IRQHandler                         0x08000213   Thumb Code     0  startup_stm32f10x_hd.o(.text)
    EXTI4_IRQHandler                         0x08000213   Thumb Code     0  startup_stm32f10x_hd.o(.text)
    EXTI9_5_IRQHandler                       0x08000213   Thumb Code     0  startup_stm32f10x_hd.o(.text)
    FLASH_IRQHandler                         0x08000213   Thumb Code     0  startup_stm32f10x_hd.o(.text)
    FSMC_IRQHandler                          0x08000213   Thumb Code     0  startup_stm32f10x_hd.o(.text)
    I2C1_ER_IRQHandler                       0x08000213   Thumb Code     0  startup_stm32f10x_hd.o(.text)
    I2C1_EV_IRQHandler                       0x08000213   Thumb Code     0  startup_stm32f10x_hd.o(.text)
    I2C2_ER_IRQHandler                       0x08000213   Thumb Code     0  startup_stm32f10x_hd.o(.text)
    I2C2_EV_IRQHandler                       0x08000213   Thumb Code     0  startup_stm32f10x_hd.o(.text)
    PVD_IRQHandler                           0x08000213   Thumb Code     0  startup_stm32f10x_hd.o(.text)
    RCC_IRQHandler                           0x08000213   Thumb Code     0  startup_stm32f10x_hd.o(.text)
    RTCAlarm_IRQHandler                      0x08000213   Thumb Code     0  startup_stm32f10x_hd.o(.text)
    RTC_IRQHandler                           0x08000213   Thumb Code     0  startup_stm32f10x_hd.o(.text)
    SDIO_IRQHandler                          0x08000213   Thumb Code     0  startup_stm32f10x_hd.o(.text)
    SPI1_IRQHandler                          0x08000213   Thumb Code     0  startup_stm32f10x_hd.o(.text)
    SPI2_IRQHandler                          0x08000213   Thumb Code     0  startup_stm32f10x_hd.o(.text)
    SPI3_IRQHandler                          0x08000213   Thumb Code     0  startup_stm32f10x_hd.o(.text)
    TAMPER_IRQHandler                        0x08000213   Thumb Code     0  startup_stm32f10x_hd.o(.text)
    TIM1_BRK_IRQHandler                      0x08000213   Thumb Code     0  startup_stm32f10x_hd.o(.text)
    TIM1_CC_IRQHandler                       0x08000213   Thumb Code     0  startup_stm32f10x_hd.o(.text)
    TIM1_TRG_COM_IRQHandler                  0x08000213   Thumb Code     0  startup_stm32f10x_hd.o(.text)
    TIM1_UP_IRQHandler                       0x08000213   Thumb Code     0  startup_stm32f10x_hd.o(.text)
    TIM2_IRQHandler                          0x08000213   Thumb Code     0  startup_stm32f10x_hd.o(.text)
    TIM6_IRQHandler                          0x08000213   Thumb Code     0  startup_stm32f10x_hd.o(.text)
    TIM7_IRQHandler                          0x08000213   Thumb Code     0  startup_stm32f10x_hd.o(.text)
    TIM8_BRK_IRQHandler                      0x08000213   Thumb Code     0  startup_stm32f10x_hd.o(.text)
    TIM8_CC_IRQHandler                       0x08000213   Thumb Code     0  startup_stm32f10x_hd.o(.text)
    TIM8_TRG_COM_IRQHandler                  0x08000213   Thumb Code     0  startup_stm32f10x_hd.o(.text)
    TIM8_UP_IRQHandler                       0x08000213   Thumb Code     0  startup_stm32f10x_hd.o(.text)
    UART4_IRQHandler                         0x08000213   Thumb Code     0  startup_stm32f10x_hd.o(.text)
    UART5_IRQHandler                         0x08000213   Thumb Code     0  startup_stm32f10x_hd.o(.text)
    USART2_IRQHandler                        0x08000213   Thumb Code     0  startup_stm32f10x_hd.o(.text)
    USART3_IRQHandler                        0x08000213   Thumb Code     0  startup_stm32f10x_hd.o(.text)
    USBWakeUp_IRQHandler                     0x08000213   Thumb Code     0  startup_stm32f10x_hd.o(.text)
    USB_HP_CAN1_TX_IRQHandler                0x08000213   Thumb Code     0  startup_stm32f10x_hd.o(.text)
    USB_LP_CAN1_RX0_IRQHandler               0x08000213   Thumb Code     0  startup_stm32f10x_hd.o(.text)
    WWDG_IRQHandler                          0x08000213   Thumb Code     0  startup_stm32f10x_hd.o(.text)
    __user_initial_stackheap                 0x08000215   Thumb Code     0  startup_stm32f10x_hd.o(.text)
    __use_no_semihosting                     0x08000239   Thumb Code     2  use_no_semi_2.o(.text)
    __2printf                                0x0800023d   Thumb Code    20  noretval__2printf.o(.text)
    __printf                                 0x08000255   Thumb Code   104  __printf.o(.text)
    _printf_int_dec                          0x080002bd   Thumb Code   104  _printf_dec.o(.text)
    _printf_int_hex                          0x08000335   Thumb Code    84  _printf_hex_int.o(.text)
    _printf_longlong_hex                     0x08000335   Thumb Code     0  _printf_hex_int.o(.text)
    __use_two_region_memory                  0x0800038d   Thumb Code     2  heapauxi.o(.text)
    __rt_heap_escrow$2region                 0x0800038f   Thumb Code     2  heapauxi.o(.text)
    __rt_heap_expand$2region                 0x08000391   Thumb Code     2  heapauxi.o(.text)
    __I$use$semihosting                      0x08000393   Thumb Code     0  use_no_semi.o(.text)
    __use_no_semihosting_swi                 0x08000393   Thumb Code     2  use_no_semi.o(.text)
    __read_errno                             0x08000395   Thumb Code    10  _rserrno.o(.text)
    __set_errno                              0x0800039f   Thumb Code    12  _rserrno.o(.text)
    _printf_int_common                       0x080003ab   Thumb Code   178  _printf_intcommon.o(.text)
    _printf_char_file                        0x0800045d   Thumb Code    32  _printf_char_file.o(.text)
    __strtod_int                             0x080004bd   Thumb Code    88  strtod.o(.text)
    __aeabi_errno_addr                       0x08000521   Thumb Code     8  rt_errno_addr_intlibspace.o(.text)
    __errno$intlibspace                      0x08000521   Thumb Code     0  rt_errno_addr_intlibspace.o(.text)
    __rt_errno_addr$intlibspace              0x08000521   Thumb Code     0  rt_errno_addr_intlibspace.o(.text)
    isspace                                  0x08000529   Thumb Code    18  isspace.o(.text)
    _printf_char_common                      0x08000547   Thumb Code    32  _printf_char_common.o(.text)
    _sgetc                                   0x0800056d   Thumb Code    30  _sgetc.o(.text)
    _sbackspace                              0x0800058b   Thumb Code    34  _sgetc.o(.text)
    ferror                                   0x080005ad   Thumb Code     8  ferror.o(.text)
    __user_libspace                          0x080005b5   Thumb Code     8  libspace.o(.text)
    __user_perproc_libspace                  0x080005b5   Thumb Code     0  libspace.o(.text)
    __user_perthread_libspace                0x080005b5   Thumb Code     0  libspace.o(.text)
    __user_setup_stackheap                   0x080005bd   Thumb Code    74  sys_stackheap_outer.o(.text)
    __rt_ctype_table                         0x08000609   Thumb Code    16  rt_ctype_table.o(.text)
    _scanf_really_real                       0x08000815   Thumb Code   668  scanf_fp.o(.text)
    exit                                     0x08000abd   Thumb Code    12  exit.o(.text)
    strcmp                                   0x08000ac9   Thumb Code   128  strcmpv7m.o(.text)
    __rt_locale                              0x08000b49   Thumb Code     8  rt_locale_intlibspace.o(.text)
    _btod_etento                             0x08000b51   Thumb Code   216  bigflt0.o(.text)
    _scanf_really_hex_real                   0x08000c2d   Thumb Code   778  scanf_hexfp.o(.text)
    _scanf_really_infnan                     0x08000f45   Thumb Code   292  scanf_infnan.o(.text)
    __aeabi_llsl                             0x08001079   Thumb Code     0  llshl.o(.text)
    _ll_shift_l                              0x08001079   Thumb Code    38  llshl.o(.text)
    _chval                                   0x0800109f   Thumb Code    28  _chval.o(.text)
    __btod_div_common                        0x080010bb   Thumb Code   696  btod.o(CL$$btod_div_common)
    _e2d                                     0x080013f5   Thumb Code    80  btod.o(CL$$btod_e2d)
    _e2e                                     0x08001449   Thumb Code   198  btod.o(CL$$btod_e2e)
    _btod_ediv                               0x0800150f   Thumb Code    40  btod.o(CL$$btod_ediv)
    _btod_edivd                              0x08001537   Thumb Code    40  btod.o(CL$$btod_edivd)
    _btod_emul                               0x0800155f   Thumb Code    40  btod.o(CL$$btod_emul)
    _btod_emuld                              0x08001587   Thumb Code    40  btod.o(CL$$btod_emuld)
    __btod_mult_common                       0x080015af   Thumb Code   580  btod.o(CL$$btod_mult_common)
    BusFault_Handler                         0x080017f3   Thumb Code     4  stm32f10x_it.o(i.BusFault_Handler)
    DebugMon_Handler                         0x080017f7   Thumb Code     2  stm32f10x_it.o(i.DebugMon_Handler)
    FLASH_ErasePage                          0x080017f9   Thumb Code    72  stm32f10x_flash.o(i.FLASH_ErasePage)
    FLASH_GetBank1Status                     0x08001845   Thumb Code    48  stm32f10x_flash.o(i.FLASH_GetBank1Status)
    FLASH_Lock                               0x08001879   Thumb Code    14  stm32f10x_flash.o(i.FLASH_Lock)
    FLASH_ProgramHalfWord                    0x0800188d   Thumb Code    60  stm32f10x_flash.o(i.FLASH_ProgramHalfWord)
    FLASH_Unlock                             0x080018cd   Thumb Code    12  stm32f10x_flash.o(i.FLASH_Unlock)
    FLASH_WaitForLastOperation               0x080018e5   Thumb Code    38  stm32f10x_flash.o(i.FLASH_WaitForLastOperation)
    FSMC_NORSRAMCmd                          0x0800190d   Thumb Code    46  stm32f10x_fsmc.o(i.FSMC_NORSRAMCmd)
    FSMC_NORSRAMInit                         0x08001941   Thumb Code   230  stm32f10x_fsmc.o(i.FSMC_NORSRAMInit)
    GPIO_Init                                0x08001a27   Thumb Code   278  stm32f10x_gpio.o(i.GPIO_Init)
    GPIO_PinRemapConfig                      0x08001b3d   Thumb Code   138  stm32f10x_gpio.o(i.GPIO_PinRemapConfig)
    GPIO_ResetBits                           0x08001bcd   Thumb Code     4  stm32f10x_gpio.o(i.GPIO_ResetBits)
    GPIO_SetBits                             0x08001bd1   Thumb Code     4  stm32f10x_gpio.o(i.GPIO_SetBits)
    HardFault_Handler                        0x08001bd5   Thumb Code     4  stm32f10x_it.o(i.HardFault_Handler)
    LCD_Clear                                0x08001bd9   Thumb Code   100  lcd.o(i.LCD_Clear)
    LCD_Display_Dir                          0x08001c45   Thumb Code   444  lcd.o(i.LCD_Display_Dir)
    LCD_DrawLine                             0x08001e05   Thumb Code   176  lcd.o(i.LCD_DrawLine)
    LCD_DrawPoint                            0x08001eb5   Thumb Code    28  lcd.o(i.LCD_DrawPoint)
    LCD_DrawRectangle                        0x08001ed9   Thumb Code    60  lcd.o(i.LCD_DrawRectangle)
    LCD_Fast_DrawPoint                       0x08001f15   Thumb Code   370  lcd.o(i.LCD_Fast_DrawPoint)
    LCD_Fill                                 0x08002091   Thumb Code   178  lcd.o(i.LCD_Fill)
    LCD_Init                                 0x0800214d   Thumb Code 14180  lcd.o(i.LCD_Init)
    LCD_Pow                                  0x080058b9   Thumb Code    22  lcd.o(i.LCD_Pow)
    LCD_RD_DATA                              0x080058d1   Thumb Code    14  lcd.o(i.LCD_RD_DATA)
    LCD_ReadReg                              0x080058e5   Thumb Code    22  lcd.o(i.LCD_ReadReg)
    LCD_SSD_BackLightSet                     0x080058fd   Thumb Code    80  lcd.o(i.LCD_SSD_BackLightSet)
    LCD_Scan_Dir                             0x08005951   Thumb Code   744  lcd.o(i.LCD_Scan_Dir)
    LCD_SetCursor                            0x08005c3d   Thumb Code   418  lcd.o(i.LCD_SetCursor)
    LCD_ShowChar                             0x08005de5   Thumb Code   272  lcd.o(i.LCD_ShowChar)
    LCD_ShowNum                              0x08005f0d   Thumb Code   148  lcd.o(i.LCD_ShowNum)
    LCD_ShowString                           0x08005fa1   Thumb Code   102  lcd.o(i.LCD_ShowString)
    LCD_WR_DATA                              0x08006009   Thumb Code     6  lcd.o(i.LCD_WR_DATA)
    LCD_WR_REG                               0x08006015   Thumb Code     6  lcd.o(i.LCD_WR_REG)
    LCD_WriteRAM_Prepare                     0x08006021   Thumb Code    10  lcd.o(i.LCD_WriteRAM_Prepare)
    LCD_WriteReg                             0x08006035   Thumb Code    10  lcd.o(i.LCD_WriteReg)
    MemManage_Handler                        0x08006045   Thumb Code     4  stm32f10x_it.o(i.MemManage_Handler)
    NMI_Handler                              0x08006049   Thumb Code     2  stm32f10x_it.o(i.NMI_Handler)
    NVIC_Init                                0x0800604d   Thumb Code   100  misc.o(i.NVIC_Init)
    NVIC_PriorityGroupConfig                 0x080060bd   Thumb Code    10  misc.o(i.NVIC_PriorityGroupConfig)
    PSelect                                  0x080060d1   Thumb Code   332  show.o(i.PSelect)
    PendSV_Handler                           0x0800622d   Thumb Code     2  stm32f10x_it.o(i.PendSV_Handler)
    Position_PID                             0x08006231   Thumb Code   126  main.o(i.Position_PID)
    RCC_AHBPeriphClockCmd                    0x080062cd   Thumb Code    26  stm32f10x_rcc.o(i.RCC_AHBPeriphClockCmd)
    RCC_APB1PeriphClockCmd                   0x080062ed   Thumb Code    26  stm32f10x_rcc.o(i.RCC_APB1PeriphClockCmd)
    RCC_APB2PeriphClockCmd                   0x0800630d   Thumb Code    26  stm32f10x_rcc.o(i.RCC_APB2PeriphClockCmd)
    RCC_GetClocksFreq                        0x0800632d   Thumb Code   192  stm32f10x_rcc.o(i.RCC_GetClocksFreq)
    Remote_Init                              0x08006401   Thumb Code   180  remote.o(i.Remote_Init)
    Remote_Scan                              0x080064bd   Thumb Code    92  remote.o(i.Remote_Scan)
    STMFLASH_Read                            0x08006525   Thumb Code    34  stmflash.o(i.STMFLASH_Read)
    STMFLASH_ReadHalfWord                    0x08006547   Thumb Code     6  stmflash.o(i.STMFLASH_ReadHalfWord)
    STMFLASH_Write                           0x0800654d   Thumb Code   222  stmflash.o(i.STMFLASH_Write)
    STMFLASH_Write_NoCheck                   0x08006635   Thumb Code    38  stmflash.o(i.STMFLASH_Write_NoCheck)
    SVC_Handler                              0x0800665b   Thumb Code     2  stm32f10x_it.o(i.SVC_Handler)
    SysTick_CLKSourceConfig                  0x08006745   Thumb Code    40  misc.o(i.SysTick_CLKSourceConfig)
    SysTick_Handler                          0x0800676d   Thumb Code     2  stm32f10x_it.o(i.SysTick_Handler)
    SystemInit                               0x08006771   Thumb Code    78  system_stm32f10x.o(i.SystemInit)
    TIM3_IRQHandler                          0x08006a11   Thumb Code    22  timer.o(i.TIM3_IRQHandler)
    TIM3_PWM_Init                            0x08006a2d   Thumb Code   130  timer.o(i.TIM3_PWM_Init)
    TIM4_IRQHandler                          0x08006abd   Thumb Code   384  remote.o(i.TIM4_IRQHandler)
    TIM5_Cap_Init                            0x08006c55   Thumb Code   154  timer.o(i.TIM5_Cap_Init)
    TIM5_IRQHandler                          0x08006cfd   Thumb Code   244  timer.o(i.TIM5_IRQHandler)
    TIM_ClearITPendingBit                    0x08006e09   Thumb Code     6  stm32f10x_tim.o(i.TIM_ClearITPendingBit)
    TIM_Cmd                                  0x08006e0f   Thumb Code    24  stm32f10x_tim.o(i.TIM_Cmd)
    TIM_GetCapture1                          0x08006e27   Thumb Code     6  stm32f10x_tim.o(i.TIM_GetCapture1)
    TIM_GetCapture4                          0x08006e2d   Thumb Code     8  stm32f10x_tim.o(i.TIM_GetCapture4)
    TIM_GetITStatus                          0x08006e35   Thumb Code    34  stm32f10x_tim.o(i.TIM_GetITStatus)
    TIM_ICInit                               0x08006e59   Thumb Code   150  stm32f10x_tim.o(i.TIM_ICInit)
    TIM_ITConfig                             0x08006f05   Thumb Code    18  stm32f10x_tim.o(i.TIM_ITConfig)
    TIM_OC2Init                              0x08006f19   Thumb Code   154  stm32f10x_tim.o(i.TIM_OC2Init)
    TIM_OC2PreloadConfig                     0x08006fbd   Thumb Code    26  stm32f10x_tim.o(i.TIM_OC2PreloadConfig)
    TIM_OC4PolarityConfig                    0x08006fd7   Thumb Code    26  stm32f10x_tim.o(i.TIM_OC4PolarityConfig)
    TIM_SetCompare2                          0x08006ff1   Thumb Code     4  stm32f10x_tim.o(i.TIM_SetCompare2)
    TIM_SetCounter                           0x08006ff5   Thumb Code     4  stm32f10x_tim.o(i.TIM_SetCounter)
    TIM_SetIC1Prescaler                      0x08006ff9   Thumb Code    18  stm32f10x_tim.o(i.TIM_SetIC1Prescaler)
    TIM_SetIC2Prescaler                      0x0800700b   Thumb Code    26  stm32f10x_tim.o(i.TIM_SetIC2Prescaler)
    TIM_SetIC3Prescaler                      0x08007025   Thumb Code    18  stm32f10x_tim.o(i.TIM_SetIC3Prescaler)
    TIM_SetIC4Prescaler                      0x08007037   Thumb Code    26  stm32f10x_tim.o(i.TIM_SetIC4Prescaler)
    TIM_TimeBaseInit                         0x08007051   Thumb Code   122  stm32f10x_tim.o(i.TIM_TimeBaseInit)
    USART1_IRQHandler                        0x080070f5   Thumb Code   122  usart.o(i.USART1_IRQHandler)
    USART_Cmd                                0x0800717d   Thumb Code    24  stm32f10x_usart.o(i.USART_Cmd)
    USART_GetFlagStatus                      0x08007195   Thumb Code    26  stm32f10x_usart.o(i.USART_GetFlagStatus)
    USART_GetITStatus                        0x080071af   Thumb Code    84  stm32f10x_usart.o(i.USART_GetITStatus)
    USART_ITConfig                           0x08007203   Thumb Code    74  stm32f10x_usart.o(i.USART_ITConfig)
    USART_Init                               0x0800724d   Thumb Code   210  stm32f10x_usart.o(i.USART_Init)
    USART_ReceiveData                        0x08007325   Thumb Code    10  stm32f10x_usart.o(i.USART_ReceiveData)
    UsageFault_Handler                       0x0800732f   Thumb Code     4  stm32f10x_it.o(i.UsageFault_Handler)
    __mathlib_dbl_overflow                   0x08007333   Thumb Code    14  dunder.o(i.__mathlib_dbl_overflow)
    __mathlib_dbl_underflow                  0x08007341   Thumb Code    10  dunder.o(i.__mathlib_dbl_underflow)
    __mathlib_narrow                         0x08007351   Thumb Code    16  narrow.o(i.__mathlib_narrow)
    __mathlib_tofloat                        0x08007361   Thumb Code   132  narrow.o(i.__mathlib_tofloat)
    __support_ldexp                          0x080073e9   Thumb Code    22  ldexp.o(i.__support_ldexp)
    _is_digit                                0x080073ff   Thumb Code    14  __printf_wp.o(i._is_digit)
    _sys_exit                                0x0800740d   Thumb Code     6  usart.o(i._sys_exit)
    angle                                    0x08007415   Thumb Code   302  show.o(i.angle)
    atof                                     0x08007559   Thumb Code    42  atof.o(i.atof)
    dSelect                                  0x08007585   Thumb Code   334  show.o(i.dSelect)
    delay_init                               0x080076e5   Thumb Code    50  delay.o(i.delay_init)
    delay_ms                                 0x08007729   Thumb Code    72  delay.o(i.delay_ms)
    delay_us                                 0x08007775   Thumb Code    72  delay.o(i.delay_us)
    fputc                                    0x080077c1   Thumb Code    24  usart.o(i.fputc)
    frexp                                    0x080077dd   Thumb Code    80  frexp.o(i.frexp)
    iSelect                                  0x08007835   Thumb Code   334  show.o(i.iSelect)
    lcdshow                                  0x08007995   Thumb Code   278  show.o(i.lcdshow)
    ldexp                                    0x08007b0d   Thumb Code   116  ldexp.o(i.ldexp)
    main                                     0x08007b81   Thumb Code  1442  main.o(i.main)
    targetspeed                              0x08008161   Thumb Code   340  show.o(i.targetspeed)
    uart_init                                0x080082c9   Thumb Code   152  usart.o(i.uart_init)
    _get_lc_numeric                          0x08008369   Thumb Code    44  lc_numeric_c.o(locale$$code)
    _get_lc_ctype                            0x08008395   Thumb Code    44  lc_ctype_c.o(locale$$code)
    __aeabi_d2f                              0x080083c1   Thumb Code     0  d2f.o(x$fpl$d2f)
    _d2f                                     0x080083c1   Thumb Code    98  d2f.o(x$fpl$d2f)
    __fpl_dcheck_NaN1                        0x08008425   Thumb Code    10  dcheck1.o(x$fpl$dcheck1)
    __fpl_dcmp_Inf                           0x08008435   Thumb Code    24  dcmpi.o(x$fpl$dcmpinf)
    __aeabi_cdcmpeq                          0x0800844d   Thumb Code     0  deqf.o(x$fpl$deqf)
    _dcmpeq                                  0x0800844d   Thumb Code   120  deqf.o(x$fpl$deqf)
    __aeabi_d2uiz                            0x080084c5   Thumb Code     0  dfixu.o(x$fpl$dfixu)
    _dfixu                                   0x080084c5   Thumb Code    90  dfixu.o(x$fpl$dfixu)
    __aeabi_ui2d                             0x0800851f   Thumb Code     0  dflt_clz.o(x$fpl$dfltu)
    _dfltu                                   0x0800851f   Thumb Code    38  dflt_clz.o(x$fpl$dfltu)
    __aeabi_cdcmple                          0x08008545   Thumb Code     0  dleqf.o(x$fpl$dleqf)
    _dcmple                                  0x08008545   Thumb Code   120  dleqf.o(x$fpl$dleqf)
    __fpl_dcmple_InfNaN                      0x080085a7   Thumb Code     0  dleqf.o(x$fpl$dleqf)
    __aeabi_dmul                             0x080085bd   Thumb Code     0  dmul.o(x$fpl$dmul)
    _dmul                                    0x080085bd   Thumb Code   332  dmul.o(x$fpl$dmul)
    __fpl_dnaninf                            0x08008711   Thumb Code   156  dnaninf.o(x$fpl$dnaninf)
    __fpl_dretinf                            0x080087ad   Thumb Code    12  dretinf.o(x$fpl$dretinf)
    __aeabi_cdrcmple                         0x080087b9   Thumb Code     0  drleqf.o(x$fpl$drleqf)
    _drcmple                                 0x080087b9   Thumb Code   108  drleqf.o(x$fpl$drleqf)
    __aeabi_fadd                             0x08008825   Thumb Code     0  faddsub_clz.o(x$fpl$fadd)
    _fadd                                    0x08008825   Thumb Code   196  faddsub_clz.o(x$fpl$fadd)
    __fpl_fcmp_Inf                           0x080088e9   Thumb Code    24  fcmpi.o(x$fpl$fcmpinf)
    __aeabi_fdiv                             0x08008901   Thumb Code     0  fdiv.o(x$fpl$fdiv)
    _fdiv                                    0x08008901   Thumb Code   384  fdiv.o(x$fpl$fdiv)
    __aeabi_f2iz                             0x08008a85   Thumb Code     0  ffix.o(x$fpl$ffix)
    _ffix                                    0x08008a85   Thumb Code    54  ffix.o(x$fpl$ffix)
    __aeabi_f2uiz                            0x08008abd   Thumb Code     0  ffixu.o(x$fpl$ffixu)
    _ffixu                                   0x08008abd   Thumb Code    62  ffixu.o(x$fpl$ffixu)
    __aeabi_i2f                              0x08008afd   Thumb Code     0  fflt_clz.o(x$fpl$fflt)
    _fflt                                    0x08008afd   Thumb Code    48  fflt_clz.o(x$fpl$fflt)
    __aeabi_cfcmple                          0x08008b2d   Thumb Code     0  fleqf.o(x$fpl$fleqf)
    _fcmple                                  0x08008b2d   Thumb Code   104  fleqf.o(x$fpl$fleqf)
    __fpl_fcmple_InfNaN                      0x08008b7f   Thumb Code     0  fleqf.o(x$fpl$fleqf)
    __aeabi_fmul                             0x08008b95   Thumb Code     0  fmul.o(x$fpl$fmul)
    _fmul                                    0x08008b95   Thumb Code   258  fmul.o(x$fpl$fmul)
    __fpl_fnaninf                            0x08008c97   Thumb Code   140  fnaninf.o(x$fpl$fnaninf)
    __fpl_fretinf                            0x08008d23   Thumb Code    10  fretinf.o(x$fpl$fretinf)
    __aeabi_cfrcmple                         0x08008d2d   Thumb Code     0  frleqf.o(x$fpl$frleqf)
    _frcmple                                 0x08008d2d   Thumb Code    98  frleqf.o(x$fpl$frleqf)
    __aeabi_fsub                             0x08008d91   Thumb Code     0  faddsub_clz.o(x$fpl$fsub)
    _fsub                                    0x08008d91   Thumb Code   234  faddsub_clz.o(x$fpl$fsub)
    __fpl_return_NaN                         0x08008e7b   Thumb Code   100  retnan.o(x$fpl$retnan)
    __ARM_scalbn                             0x08008edf   Thumb Code    92  scalbn.o(x$fpl$scalbn)
    _scanf_real                              0x08008f3b   Thumb Code     4  scanf1.o(x$fpl$scanf1)
    _scanf_hex_real                          0x08008f3f   Thumb Code     4  scanf2.o(x$fpl$scanf2)
    _scanf_infnan                            0x08008f43   Thumb Code     4  scanf2.o(x$fpl$scanf2)
    __fpl_cmpreturn                          0x08008f47   Thumb Code    48  trapv.o(x$fpl$trapveneer)
    __I$use$fp                               0x08008f76   Number         0  usenofp.o(x$fpl$usenofp)
    asc2_1206                                0x08008f76   Data        1140  lcd.o(.constdata)
    asc2_1608                                0x080093ea   Data        1520  lcd.o(.constdata)
    asc2_2412                                0x080099da   Data        3420  lcd.o(.constdata)
    Region$$Table$$Base                      0x0800a830   Number         0  anon$$obj.o(Region$$Table)
    Region$$Table$$Limit                     0x0800a850   Number         0  anon$$obj.o(Region$$Table)
    __aeabi_HUGE_VAL                         0x0800a850   Data           0  fpconst.o(c$$dinf)
    __aeabi_HUGE_VALL                        0x0800a850   Data           0  fpconst.o(c$$dinf)
    __aeabi_INFINITY                         0x0800a850   Data           0  fpconst.o(c$$dinf)
    __dInf                                   0x0800a850   Data           0  fpconst.o(c$$dinf)
    __huge_val                               0x0800a850   Data           0  fpconst.o(c$$dinf)
    __ctype                                  0x0800a881   Data           0  lc_ctype_c.o(locale$$data)
    speed                                    0x20000000   Data           2  main.o(.data)
    pwm                                      0x20000004   Data           4  main.o(.data)
    Encoder                                  0x20000008   Data           4  main.o(.data)
    Position_KP                              0x2000000c   Data           4  main.o(.data)
    Position_KI                              0x20000010   Data           4  main.o(.data)
    Position_KD                              0x20000014   Data           4  main.o(.data)
    speed1                                   0x20000018   Data           2  main.o(.data)
    speed2                                   0x2000001a   Data           2  main.o(.data)
    speed3                                   0x2000001c   Data           2  main.o(.data)
    Target_speed                             0x2000001e   Data           2  main.o(.data)
    DrawPointX                               0x20000030   Data           2  main.o(.data)
    DrawPointY                               0x20000032   Data           2  main.o(.data)
    buf                                      0x20000034   Data           2  main.o(.data)
    stand                                    0x20000036   Data           1  main.o(.data)
    aa                                       0x20000037   Data           1  main.o(.data)
    len                                      0x20000038   Data           1  main.o(.data)
    SystemCoreClock                          0x2000004c   Data           4  system_stm32f10x.o(.data)
    AHBPrescTable                            0x20000050   Data          16  system_stm32f10x.o(.data)
    __stdout                                 0x20000064   Data           4  usart.o(.data)
    USART_RX_STA                             0x20000068   Data           2  usart.o(.data)
    POINT_COLOR                              0x2000007e   Data           2  lcd.o(.data)
    BACK_COLOR                               0x20000080   Data           2  lcd.o(.data)
    RmtSta                                   0x20000084   Data           1  remote.o(.data)
    Dval                                     0x20000086   Data           2  remote.o(.data)
    RmtRec                                   0x20000088   Data           4  remote.o(.data)
    RmtCnt                                   0x2000008c   Data           1  remote.o(.data)
    num                                      0x20000090   Data           4  show.o(.data)
    buffer                                   0x20000094   Data           4  show.o(.data)
    temp                                     0x20000098   Data           4  timer.o(.data)
    TIM5CH1_CAPTURE_STA                      0x2000009c   Data           1  timer.o(.data)
    TIM5CH1_CAPTURE_VAL                      0x2000009e   Data           2  timer.o(.data)
    i                                        0x200000a0   Data           2  timer.o(.data)
    Flag_ci                                  0x200000a2   Data           1  timer.o(.data)
    USART_RX_BUF                             0x200000a4   Data         200  usart.o(.bss)
    lcddev                                   0x2000016c   Data          14  lcd.o(.bss)
    pstrlcd                                  0x2000017a   Data          10  show.o(.bss)
    istrlcd                                  0x20000184   Data          10  show.o(.bss)
    dstrlcd                                  0x2000018e   Data          10  show.o(.bss)
    p1                                       0x20000198   Data          10  show.o(.bss)
    STMFLASH_BUF                             0x200001a2   Data        2048  stmflash.o(.bss)
    TIM5_ICInitStructure                     0x200009a2   Data          10  timer.o(.bss)
    __libspace_start                         0x200009ac   Data          96  libspace.o(.bss)
    __temporary_stack_top$libspace           0x20000a0c   Data           0  libspace.o(.bss)



==============================================================================

Memory Map of the image

  Image Entry point : 0x080001f9

  Load Region LR_1 (Base: 0x08000000, Size: 0x0000aa28, Max: 0xffffffff, ABSOLUTE)

    Execution Region ER_RO (Base: 0x08000000, Size: 0x0000a984, Max: 0xffffffff, ABSOLUTE)

    Base Addr    Size         Type   Attr      Idx    E Section Name        Object

    0x08000000   0x00000130   Data   RO          376    RESET               startup_stm32f10x_hd.o
    0x08000130   0x00000008   Code   RO         3772  * !!!main             c_w.l(__main.o)
    0x08000138   0x00000034   Code   RO         4137    !!!scatter          c_w.l(__scatter.o)
    0x0800016c   0x0000001a   Code   RO         4139    !!handler_copy      c_w.l(__scatter_copy.o)
    0x08000186   0x00000002   PAD
    0x08000188   0x0000001c   Code   RO         4141    !!handler_zi        c_w.l(__scatter_zi.o)
    0x080001a4   0x00000000   Code   RO         3769    .ARM.Collect$$_printf_percent$$00000000  c_w.l(_printf_percent.o)
    0x080001a4   0x00000006   Code   RO         3768    .ARM.Collect$$_printf_percent$$00000009  c_w.l(_printf_d.o)
    0x080001aa   0x00000006   Code   RO         3767    .ARM.Collect$$_printf_percent$$0000000C  c_w.l(_printf_x.o)
    0x080001b0   0x00000004   Code   RO         3831    .ARM.Collect$$_printf_percent$$00000017  c_w.l(_printf_percent_end.o)
    0x080001b4   0x00000002   Code   RO         3900    .ARM.Collect$$libinit$$00000000  c_w.l(libinit.o)
    0x080001b6   0x00000000   Code   RO         3902    .ARM.Collect$$libinit$$00000002  c_w.l(libinit2.o)
    0x080001b6   0x00000000   Code   RO         3904    .ARM.Collect$$libinit$$00000004  c_w.l(libinit2.o)
    0x080001b6   0x00000000   Code   RO         3907    .ARM.Collect$$libinit$$0000000A  c_w.l(libinit2.o)
    0x080001b6   0x00000000   Code   RO         3909    .ARM.Collect$$libinit$$0000000C  c_w.l(libinit2.o)
    0x080001b6   0x00000000   Code   RO         3911    .ARM.Collect$$libinit$$0000000E  c_w.l(libinit2.o)
    0x080001b6   0x00000006   Code   RO         3912    .ARM.Collect$$libinit$$0000000F  c_w.l(libinit2.o)
    0x080001bc   0x00000000   Code   RO         3914    .ARM.Collect$$libinit$$00000011  c_w.l(libinit2.o)
    0x080001bc   0x0000000c   Code   RO         3915    .ARM.Collect$$libinit$$00000012  c_w.l(libinit2.o)
    0x080001c8   0x00000000   Code   RO         3916    .ARM.Collect$$libinit$$00000013  c_w.l(libinit2.o)
    0x080001c8   0x00000000   Code   RO         3918    .ARM.Collect$$libinit$$00000015  c_w.l(libinit2.o)
    0x080001c8   0x0000000a   Code   RO         3919    .ARM.Collect$$libinit$$00000016  c_w.l(libinit2.o)
    0x080001d2   0x00000000   Code   RO         3920    .ARM.Collect$$libinit$$00000017  c_w.l(libinit2.o)
    0x080001d2   0x00000000   Code   RO         3922    .ARM.Collect$$libinit$$00000019  c_w.l(libinit2.o)
    0x080001d2   0x00000000   Code   RO         3924    .ARM.Collect$$libinit$$0000001B  c_w.l(libinit2.o)
    0x080001d2   0x00000000   Code   RO         3926    .ARM.Collect$$libinit$$0000001D  c_w.l(libinit2.o)
    0x080001d2   0x00000000   Code   RO         3928    .ARM.Collect$$libinit$$0000001F  c_w.l(libinit2.o)
    0x080001d2   0x00000000   Code   RO         3930    .ARM.Collect$$libinit$$00000021  c_w.l(libinit2.o)
    0x080001d2   0x00000000   Code   RO         3932    .ARM.Collect$$libinit$$00000023  c_w.l(libinit2.o)
    0x080001d2   0x00000000   Code   RO         3934    .ARM.Collect$$libinit$$00000025  c_w.l(libinit2.o)
    0x080001d2   0x00000000   Code   RO         3938    .ARM.Collect$$libinit$$0000002C  c_w.l(libinit2.o)
    0x080001d2   0x00000000   Code   RO         3940    .ARM.Collect$$libinit$$0000002E  c_w.l(libinit2.o)
    0x080001d2   0x00000000   Code   RO         3942    .ARM.Collect$$libinit$$00000030  c_w.l(libinit2.o)
    0x080001d2   0x00000000   Code   RO         3944    .ARM.Collect$$libinit$$00000032  c_w.l(libinit2.o)
    0x080001d2   0x00000002   Code   RO         3945    .ARM.Collect$$libinit$$00000033  c_w.l(libinit2.o)
    0x080001d4   0x00000002   Code   RO         4039    .ARM.Collect$$libshutdown$$00000000  c_w.l(libshutdown.o)
    0x080001d6   0x00000000   Code   RO         4067    .ARM.Collect$$libshutdown$$00000003  c_w.l(libshutdown2.o)
    0x080001d6   0x00000000   Code   RO         4070    .ARM.Collect$$libshutdown$$00000006  c_w.l(libshutdown2.o)
    0x080001d6   0x00000000   Code   RO         4073    .ARM.Collect$$libshutdown$$00000009  c_w.l(libshutdown2.o)
    0x080001d6   0x00000000   Code   RO         4075    .ARM.Collect$$libshutdown$$0000000B  c_w.l(libshutdown2.o)
    0x080001d6   0x00000000   Code   RO         4078    .ARM.Collect$$libshutdown$$0000000E  c_w.l(libshutdown2.o)
    0x080001d6   0x00000002   Code   RO         4079    .ARM.Collect$$libshutdown$$0000000F  c_w.l(libshutdown2.o)
    0x080001d8   0x00000000   Code   RO         3824    .ARM.Collect$$rtentry$$00000000  c_w.l(__rtentry.o)
    0x080001d8   0x00000000   Code   RO         3846    .ARM.Collect$$rtentry$$00000002  c_w.l(__rtentry2.o)
    0x080001d8   0x00000006   Code   RO         3858    .ARM.Collect$$rtentry$$00000004  c_w.l(__rtentry4.o)
    0x080001de   0x00000000   Code   RO         3848    .ARM.Collect$$rtentry$$00000009  c_w.l(__rtentry2.o)
    0x080001de   0x00000004   Code   RO         3849    .ARM.Collect$$rtentry$$0000000A  c_w.l(__rtentry2.o)
    0x080001e2   0x00000000   Code   RO         3851    .ARM.Collect$$rtentry$$0000000C  c_w.l(__rtentry2.o)
    0x080001e2   0x00000008   Code   RO         3852    .ARM.Collect$$rtentry$$0000000D  c_w.l(__rtentry2.o)
    0x080001ea   0x00000002   Code   RO         3946    .ARM.Collect$$rtexit$$00000000  c_w.l(rtexit.o)
    0x080001ec   0x00000000   Code   RO         4003    .ARM.Collect$$rtexit$$00000002  c_w.l(rtexit2.o)
    0x080001ec   0x00000004   Code   RO         4004    .ARM.Collect$$rtexit$$00000003  c_w.l(rtexit2.o)
    0x080001f0   0x00000006   Code   RO         4005    .ARM.Collect$$rtexit$$00000004  c_w.l(rtexit2.o)
    0x080001f6   0x00000002   PAD
    0x080001f8   0x00000040   Code   RO          377  * .text               startup_stm32f10x_hd.o
    0x08000238   0x00000002   Code   RO         3716    .text               c_w.l(use_no_semi_2.o)
    0x0800023a   0x00000002   PAD
    0x0800023c   0x00000018   Code   RO         3720    .text               c_w.l(noretval__2printf.o)
    0x08000254   0x00000068   Code   RO         3722    .text               c_w.l(__printf.o)
    0x080002bc   0x00000078   Code   RO         3724    .text               c_w.l(_printf_dec.o)
    0x08000334   0x00000058   Code   RO         3729    .text               c_w.l(_printf_hex_int.o)
    0x0800038c   0x00000006   Code   RO         3770    .text               c_w.l(heapauxi.o)
    0x08000392   0x00000002   Code   RO         3822    .text               c_w.l(use_no_semi.o)
    0x08000394   0x00000016   Code   RO         3825    .text               c_w.l(_rserrno.o)
    0x080003aa   0x000000b2   Code   RO         3827    .text               c_w.l(_printf_intcommon.o)
    0x0800045c   0x00000024   Code   RO         3829    .text               c_w.l(_printf_char_file.o)
    0x08000480   0x000000a0   Code   RO         3832    .text               c_w.l(strtod.o)
    0x08000520   0x00000008   Code   RO         3863    .text               c_w.l(rt_errno_addr_intlibspace.o)
    0x08000528   0x00000012   Code   RO         3865    .text               c_w.l(isspace.o)
    0x0800053a   0x00000002   PAD
    0x0800053c   0x00000030   Code   RO         3867    .text               c_w.l(_printf_char_common.o)
    0x0800056c   0x00000040   Code   RO         3869    .text               c_w.l(_sgetc.o)
    0x080005ac   0x00000008   Code   RO         3871    .text               c_w.l(ferror.o)
    0x080005b4   0x00000008   Code   RO         3880    .text               c_w.l(libspace.o)
    0x080005bc   0x0000004a   Code   RO         3883    .text               c_w.l(sys_stackheap_outer.o)
    0x08000606   0x00000002   PAD
    0x08000608   0x00000010   Code   RO         3885    .text               c_w.l(rt_ctype_table.o)
    0x08000618   0x000004a4   Code   RO         3889    .text               c_w.l(scanf_fp.o)
    0x08000abc   0x0000000c   Code   RO         3891    .text               c_w.l(exit.o)
    0x08000ac8   0x00000080   Code   RO         3893    .text               c_w.l(strcmpv7m.o)
    0x08000b48   0x00000008   Code   RO         3951    .text               c_w.l(rt_locale_intlibspace.o)
    0x08000b50   0x000000dc   Code   RO         3953    .text               c_w.l(bigflt0.o)
    0x08000c2c   0x00000318   Code   RO         4009    .text               c_w.l(scanf_hexfp.o)
    0x08000f44   0x00000134   Code   RO         4011    .text               c_w.l(scanf_infnan.o)
    0x08001078   0x00000026   Code   RO         4029    .text               c_w.l(llshl.o)
    0x0800109e   0x0000001c   Code   RO         4031    .text               c_w.l(_chval.o)
    0x080010ba   0x00000338   Code   RO         3966    CL$$btod_div_common  c_w.l(btod.o)
    0x080013f2   0x00000002   PAD
    0x080013f4   0x00000054   Code   RO         3964    CL$$btod_e2d        c_w.l(btod.o)
    0x08001448   0x000000c6   Code   RO         3963    CL$$btod_e2e        c_w.l(btod.o)
    0x0800150e   0x00000028   Code   RO         3960    CL$$btod_ediv       c_w.l(btod.o)
    0x08001536   0x00000028   Code   RO         3962    CL$$btod_edivd      c_w.l(btod.o)
    0x0800155e   0x00000028   Code   RO         3959    CL$$btod_emul       c_w.l(btod.o)
    0x08001586   0x00000028   Code   RO         3961    CL$$btod_emuld      c_w.l(btod.o)
    0x080015ae   0x00000244   Code   RO         3965    CL$$btod_mult_common  c_w.l(btod.o)
    0x080017f2   0x00000004   Code   RO          145    i.BusFault_Handler  stm32f10x_it.o
    0x080017f6   0x00000002   Code   RO          146    i.DebugMon_Handler  stm32f10x_it.o
    0x080017f8   0x0000004c   Code   RO         1237    i.FLASH_ErasePage   stm32f10x_flash.o
    0x08001844   0x00000034   Code   RO         1238    i.FLASH_GetBank1Status  stm32f10x_flash.o
    0x08001878   0x00000014   Code   RO         1247    i.FLASH_Lock        stm32f10x_flash.o
    0x0800188c   0x00000040   Code   RO         1250    i.FLASH_ProgramHalfWord  stm32f10x_flash.o
    0x080018cc   0x00000018   Code   RO         1255    i.FLASH_Unlock      stm32f10x_flash.o
    0x080018e4   0x00000026   Code   RO         1259    i.FLASH_WaitForLastOperation  stm32f10x_flash.o
    0x0800190a   0x00000002   PAD
    0x0800190c   0x00000034   Code   RO         1417    i.FSMC_NORSRAMCmd   stm32f10x_fsmc.o
    0x08001940   0x000000e6   Code   RO         1419    i.FSMC_NORSRAMInit  stm32f10x_fsmc.o
    0x08001a26   0x00000116   Code   RO         1532    i.GPIO_Init         stm32f10x_gpio.o
    0x08001b3c   0x00000090   Code   RO         1534    i.GPIO_PinRemapConfig  stm32f10x_gpio.o
    0x08001bcc   0x00000004   Code   RO         1539    i.GPIO_ResetBits    stm32f10x_gpio.o
    0x08001bd0   0x00000004   Code   RO         1540    i.GPIO_SetBits      stm32f10x_gpio.o
    0x08001bd4   0x00000004   Code   RO          147    i.HardFault_Handler  stm32f10x_it.o
    0x08001bd8   0x0000006c   Code   RO         3349    i.LCD_Clear         lcd.o
    0x08001c44   0x000001c0   Code   RO         3353    i.LCD_Display_Dir   lcd.o
    0x08001e04   0x000000b0   Code   RO         3354    i.LCD_DrawLine      lcd.o
    0x08001eb4   0x00000024   Code   RO         3355    i.LCD_DrawPoint     lcd.o
    0x08001ed8   0x0000003c   Code   RO         3356    i.LCD_DrawRectangle  lcd.o
    0x08001f14   0x0000017c   Code   RO         3358    i.LCD_Fast_DrawPoint  lcd.o
    0x08002090   0x000000bc   Code   RO         3359    i.LCD_Fill          lcd.o
    0x0800214c   0x0000376c   Code   RO         3360    i.LCD_Init          lcd.o
    0x080058b8   0x00000016   Code   RO         3361    i.LCD_Pow           lcd.o
    0x080058ce   0x00000002   PAD
    0x080058d0   0x00000014   Code   RO         3362    i.LCD_RD_DATA       lcd.o
    0x080058e4   0x00000016   Code   RO         3364    i.LCD_ReadReg       lcd.o
    0x080058fa   0x00000002   PAD
    0x080058fc   0x00000054   Code   RO         3365    i.LCD_SSD_BackLightSet  lcd.o
    0x08005950   0x000002ec   Code   RO         3366    i.LCD_Scan_Dir      lcd.o
    0x08005c3c   0x000001a8   Code   RO         3367    i.LCD_SetCursor     lcd.o
    0x08005de4   0x00000128   Code   RO         3369    i.LCD_ShowChar      lcd.o
    0x08005f0c   0x00000094   Code   RO         3370    i.LCD_ShowNum       lcd.o
    0x08005fa0   0x00000066   Code   RO         3371    i.LCD_ShowString    lcd.o
    0x08006006   0x00000002   PAD
    0x08006008   0x0000000c   Code   RO         3373    i.LCD_WR_DATA       lcd.o
    0x08006014   0x0000000c   Code   RO         3374    i.LCD_WR_REG        lcd.o
    0x08006020   0x00000014   Code   RO         3376    i.LCD_WriteRAM_Prepare  lcd.o
    0x08006034   0x00000010   Code   RO         3377    i.LCD_WriteReg      lcd.o
    0x08006044   0x00000004   Code   RO          148    i.MemManage_Handler  stm32f10x_it.o
    0x08006048   0x00000002   Code   RO          149    i.NMI_Handler       stm32f10x_it.o
    0x0800604a   0x00000002   PAD
    0x0800604c   0x00000070   Code   RO          381    i.NVIC_Init         misc.o
    0x080060bc   0x00000014   Code   RO          382    i.NVIC_PriorityGroupConfig  misc.o
    0x080060d0   0x0000015c   Code   RO         3588    i.PSelect           show.o
    0x0800622c   0x00000002   Code   RO          150    i.PendSV_Handler    stm32f10x_it.o
    0x0800622e   0x00000002   PAD
    0x08006230   0x0000009c   Code   RO            1    i.Position_PID      main.o
    0x080062cc   0x00000020   Code   RO         1947    i.RCC_AHBPeriphClockCmd  stm32f10x_rcc.o
    0x080062ec   0x00000020   Code   RO         1948    i.RCC_APB1PeriphClockCmd  stm32f10x_rcc.o
    0x0800630c   0x00000020   Code   RO         1950    i.RCC_APB2PeriphClockCmd  stm32f10x_rcc.o
    0x0800632c   0x000000d4   Code   RO         1958    i.RCC_GetClocksFreq  stm32f10x_rcc.o
    0x08006400   0x000000bc   Code   RO         3558    i.Remote_Init       remote.o
    0x080064bc   0x00000068   Code   RO         3559    i.Remote_Scan       remote.o
    0x08006524   0x00000022   Code   RO         3635    i.STMFLASH_Read     stmflash.o
    0x08006546   0x00000006   Code   RO         3636    i.STMFLASH_ReadHalfWord  stmflash.o
    0x0800654c   0x000000e8   Code   RO         3637    i.STMFLASH_Write    stmflash.o
    0x08006634   0x00000026   Code   RO         3638    i.STMFLASH_Write_NoCheck  stmflash.o
    0x0800665a   0x00000002   Code   RO          151    i.SVC_Handler       stm32f10x_it.o
    0x0800665c   0x00000008   Code   RO          234    i.SetSysClock       system_stm32f10x.o
    0x08006664   0x000000e0   Code   RO          235    i.SetSysClockTo72   system_stm32f10x.o
    0x08006744   0x00000028   Code   RO          385    i.SysTick_CLKSourceConfig  misc.o
    0x0800676c   0x00000002   Code   RO          152    i.SysTick_Handler   stm32f10x_it.o
    0x0800676e   0x00000002   PAD
    0x08006770   0x00000060   Code   RO          237    i.SystemInit        system_stm32f10x.o
    0x080067d0   0x00000080   Code   RO         2566    i.TI1_Config        stm32f10x_tim.o
    0x08006850   0x00000098   Code   RO         2567    i.TI2_Config        stm32f10x_tim.o
    0x080068e8   0x00000090   Code   RO         2568    i.TI3_Config        stm32f10x_tim.o
    0x08006978   0x00000098   Code   RO         2569    i.TI4_Config        stm32f10x_tim.o
    0x08006a10   0x0000001c   Code   RO         3674    i.TIM3_IRQHandler   timer.o
    0x08006a2c   0x00000090   Code   RO         3676    i.TIM3_PWM_Init     timer.o
    0x08006abc   0x00000198   Code   RO         3560    i.TIM4_IRQHandler   remote.o
    0x08006c54   0x000000a8   Code   RO         3677    i.TIM5_Cap_Init     timer.o
    0x08006cfc   0x0000010c   Code   RO         3678    i.TIM5_IRQHandler   timer.o
    0x08006e08   0x00000006   Code   RO         2577    i.TIM_ClearITPendingBit  stm32f10x_tim.o
    0x08006e0e   0x00000018   Code   RO         2582    i.TIM_Cmd           stm32f10x_tim.o
    0x08006e26   0x00000006   Code   RO         2597    i.TIM_GetCapture1   stm32f10x_tim.o
    0x08006e2c   0x00000008   Code   RO         2600    i.TIM_GetCapture4   stm32f10x_tim.o
    0x08006e34   0x00000022   Code   RO         2603    i.TIM_GetITStatus   stm32f10x_tim.o
    0x08006e56   0x00000002   PAD
    0x08006e58   0x000000ac   Code   RO         2605    i.TIM_ICInit        stm32f10x_tim.o
    0x08006f04   0x00000012   Code   RO         2607    i.TIM_ITConfig      stm32f10x_tim.o
    0x08006f16   0x00000002   PAD
    0x08006f18   0x000000a4   Code   RO         2616    i.TIM_OC2Init       stm32f10x_tim.o
    0x08006fbc   0x0000001a   Code   RO         2619    i.TIM_OC2PreloadConfig  stm32f10x_tim.o
    0x08006fd6   0x0000001a   Code   RO         2627    i.TIM_OC4PolarityConfig  stm32f10x_tim.o
    0x08006ff0   0x00000004   Code   RO         2644    i.TIM_SetCompare2   stm32f10x_tim.o
    0x08006ff4   0x00000004   Code   RO         2647    i.TIM_SetCounter    stm32f10x_tim.o
    0x08006ff8   0x00000012   Code   RO         2648    i.TIM_SetIC1Prescaler  stm32f10x_tim.o
    0x0800700a   0x0000001a   Code   RO         2649    i.TIM_SetIC2Prescaler  stm32f10x_tim.o
    0x08007024   0x00000012   Code   RO         2650    i.TIM_SetIC3Prescaler  stm32f10x_tim.o
    0x08007036   0x0000001a   Code   RO         2651    i.TIM_SetIC4Prescaler  stm32f10x_tim.o
    0x08007050   0x000000a4   Code   RO         2653    i.TIM_TimeBaseInit  stm32f10x_tim.o
    0x080070f4   0x00000088   Code   RO          323    i.USART1_IRQHandler  usart.o
    0x0800717c   0x00000018   Code   RO         3118    i.USART_Cmd         stm32f10x_usart.o
    0x08007194   0x0000001a   Code   RO         3121    i.USART_GetFlagStatus  stm32f10x_usart.o
    0x080071ae   0x00000054   Code   RO         3122    i.USART_GetITStatus  stm32f10x_usart.o
    0x08007202   0x0000004a   Code   RO         3124    i.USART_ITConfig    stm32f10x_usart.o
    0x0800724c   0x000000d8   Code   RO         3125    i.USART_Init        stm32f10x_usart.o
    0x08007324   0x0000000a   Code   RO         3132    i.USART_ReceiveData  stm32f10x_usart.o
    0x0800732e   0x00000004   Code   RO          153    i.UsageFault_Handler  stm32f10x_it.o
    0x08007332   0x0000000e   Code   RO         4086    i.__mathlib_dbl_overflow  m_ws.l(dunder.o)
    0x08007340   0x00000010   Code   RO         4088    i.__mathlib_dbl_underflow  m_ws.l(dunder.o)
    0x08007350   0x00000010   Code   RO         3996    i.__mathlib_narrow  m_ws.l(narrow.o)
    0x08007360   0x00000088   Code   RO         3997    i.__mathlib_tofloat  m_ws.l(narrow.o)
    0x080073e8   0x00000016   Code   RO         4047    i.__support_ldexp   m_ws.l(ldexp.o)
    0x080073fe   0x0000000e   Code   RO         3757    i._is_digit         c_w.l(__printf_wp.o)
    0x0800740c   0x00000006   Code   RO          324    i._sys_exit         usart.o
    0x08007412   0x00000002   PAD
    0x08007414   0x00000144   Code   RO         3589    i.angle             show.o
    0x08007558   0x0000002a   Code   RO         3819    i.atof              m_ws.l(atof.o)
    0x08007582   0x00000002   PAD
    0x08007584   0x00000160   Code   RO         3590    i.dSelect           show.o
    0x080076e4   0x00000044   Code   RO          268    i.delay_init        delay.o
    0x08007728   0x0000004c   Code   RO          269    i.delay_ms          delay.o
    0x08007774   0x0000004c   Code   RO          270    i.delay_us          delay.o
    0x080077c0   0x0000001c   Code   RO          325    i.fputc             usart.o
    0x080077dc   0x00000058   Code   RO         4022    i.frexp             m_ws.l(frexp.o)
    0x08007834   0x00000160   Code   RO         3591    i.iSelect           show.o
    0x08007994   0x00000178   Code   RO         3592    i.lcdshow           show.o
    0x08007b0c   0x00000074   Code   RO         4048    i.ldexp             m_ws.l(ldexp.o)
    0x08007b80   0x000005e0   Code   RO            2    i.main              main.o
    0x08008160   0x00000168   Code   RO         3593    i.targetspeed       show.o
    0x080082c8   0x000000a0   Code   RO          326    i.uart_init         usart.o
    0x08008368   0x0000002c   Code   RO         3876    locale$$code        c_w.l(lc_numeric_c.o)
    0x08008394   0x0000002c   Code   RO         3979    locale$$code        c_w.l(lc_ctype_c.o)
    0x080083c0   0x00000062   Code   RO         3774    x$fpl$d2f           fz_ws.l(d2f.o)
    0x08008422   0x00000002   PAD
    0x08008424   0x00000010   Code   RO         4080    x$fpl$dcheck1       fz_ws.l(dcheck1.o)
    0x08008434   0x00000018   Code   RO         4040    x$fpl$dcmpinf       fz_ws.l(dcmpi.o)
    0x0800844c   0x00000078   Code   RO         4017    x$fpl$deqf          fz_ws.l(deqf.o)
    0x080084c4   0x0000005a   Code   RO         3776    x$fpl$dfixu         fz_ws.l(dfixu.o)
    0x0800851e   0x00000026   Code   RO         3780    x$fpl$dfltu         fz_ws.l(dflt_clz.o)
    0x08008544   0x00000078   Code   RO         4042    x$fpl$dleqf         fz_ws.l(dleqf.o)
    0x080085bc   0x00000154   Code   RO         3786    x$fpl$dmul          fz_ws.l(dmul.o)
    0x08008710   0x0000009c   Code   RO         3834    x$fpl$dnaninf       fz_ws.l(dnaninf.o)
    0x080087ac   0x0000000c   Code   RO         3836    x$fpl$dretinf       fz_ws.l(dretinf.o)
    0x080087b8   0x0000006c   Code   RO         4019    x$fpl$drleqf        fz_ws.l(drleqf.o)
    0x08008824   0x000000c4   Code   RO         3788    x$fpl$fadd          fz_ws.l(faddsub_clz.o)
    0x080088e8   0x00000018   Code   RO         3838    x$fpl$fcmpinf       fz_ws.l(fcmpi.o)
    0x08008900   0x00000184   Code   RO         3795    x$fpl$fdiv          fz_ws.l(fdiv.o)
    0x08008a84   0x00000036   Code   RO         3798    x$fpl$ffix          fz_ws.l(ffix.o)
    0x08008aba   0x00000002   PAD
    0x08008abc   0x0000003e   Code   RO         3802    x$fpl$ffixu         fz_ws.l(ffixu.o)
    0x08008afa   0x00000002   PAD
    0x08008afc   0x00000030   Code   RO         3807    x$fpl$fflt          fz_ws.l(fflt_clz.o)
    0x08008b2c   0x00000068   Code   RO         3812    x$fpl$fleqf         fz_ws.l(fleqf.o)
    0x08008b94   0x00000102   Code   RO         3814    x$fpl$fmul          fz_ws.l(fmul.o)
    0x08008c96   0x0000008c   Code   RO         3840    x$fpl$fnaninf       fz_ws.l(fnaninf.o)
    0x08008d22   0x0000000a   Code   RO         3842    x$fpl$fretinf       fz_ws.l(fretinf.o)
    0x08008d2c   0x00000062   Code   RO         3816    x$fpl$frleqf        fz_ws.l(frleqf.o)
    0x08008d8e   0x00000002   PAD
    0x08008d90   0x000000ea   Code   RO         3790    x$fpl$fsub          fz_ws.l(faddsub_clz.o)
    0x08008e7a   0x00000064   Code   RO         4111    x$fpl$retnan        fz_ws.l(retnan.o)
    0x08008ede   0x0000005c   Code   RO         4044    x$fpl$scalbn        fz_ws.l(scalbn.o)
    0x08008f3a   0x00000004   Code   RO         3878    x$fpl$scanf1        fz_ws.l(scanf1.o)
    0x08008f3e   0x00000008   Code   RO         3990    x$fpl$scanf2        fz_ws.l(scanf2.o)
    0x08008f46   0x00000030   Code   RO         4117    x$fpl$trapveneer    fz_ws.l(trapv.o)
    0x08008f76   0x00000000   Code   RO         3844    x$fpl$usenofp       fz_ws.l(usenofp.o)
    0x08008f76   0x000017c0   Data   RO         3380    .constdata          lcd.o
    0x0800a736   0x00000002   PAD
    0x0800a738   0x0000003a   Data   RO         3595    .constdata          show.o
    0x0800a772   0x00000028   Data   RO         3730    .constdata          c_w.l(_printf_hex_int.o)
    0x0800a79a   0x00000002   PAD
    0x0800a79c   0x00000094   Data   RO         3954    .constdata          c_w.l(bigflt0.o)
    0x0800a830   0x00000020   Data   RO         4135    Region$$Table       anon$$obj.o
    0x0800a850   0x00000008   Data   RO         3983    c$$dinf             fz_ws.l(fpconst.o)
    0x0800a858   0x0000001c   Data   RO         3875    locale$$data        c_w.l(lc_numeric_c.o)
    0x0800a874   0x00000110   Data   RO         3978    locale$$data        c_w.l(lc_ctype_c.o)


    Execution Region ER_RW (Base: 0x20000000, Size: 0x000000a4, Max: 0xffffffff, ABSOLUTE)

    Base Addr    Size         Type   Attr      Idx    E Section Name        Object

    0x20000000   0x0000004c   Data   RW            3    .data               main.o
    0x2000004c   0x00000014   Data   RW          238    .data               system_stm32f10x.o
    0x20000060   0x00000004   Data   RW          271    .data               delay.o
    0x20000064   0x00000006   Data   RW          328    .data               usart.o
    0x2000006a   0x00000014   Data   RW         1978    .data               stm32f10x_rcc.o
    0x2000007e   0x00000004   Data   RW         3381    .data               lcd.o
    0x20000082   0x00000002   PAD
    0x20000084   0x00000009   Data   RW         3561    .data               remote.o
    0x2000008d   0x00000003   PAD
    0x20000090   0x00000008   Data   RW         3596    .data               show.o
    0x20000098   0x0000000b   Data   RW         3680    .data               timer.o


    Execution Region ER_ZI (Base: 0x200000a4, Size: 0x00000f6c, Max: 0xffffffff, ABSOLUTE)

    Base Addr    Size         Type   Attr      Idx    E Section Name        Object

    0x200000a4   0x000000c8   Zero   RW          327    .bss                usart.o
    0x2000016c   0x0000000e   Zero   RW         3379    .bss                lcd.o
    0x2000017a   0x00000028   Zero   RW         3594    .bss                show.o
    0x200001a2   0x00000800   Zero   RW         3640    .bss                stmflash.o
    0x200009a2   0x0000000a   Zero   RW         3679    .bss                timer.o
    0x200009ac   0x00000060   Zero   RW         3881    .bss                c_w.l(libspace.o)
    0x20000a0c   0x00000004   PAD
    0x20000a10   0x00000200   Zero   RW          375    HEAP                startup_stm32f10x_hd.o
    0x20000c10   0x00000400   Zero   RW          374    STACK               startup_stm32f10x_hd.o


==============================================================================

Image component sizes


      Code (inc. data)   RO Data    RW Data    ZI Data      Debug   Object Name

       220         26          0          4          0       1795   delay.o
     17510        200       6080          4         14      25081   lcd.o
      1660        248          0         76          0     270699   main.o
       172         22          0          0          0       2153   misc.o
       700         44          0          9          0       2374   remote.o
      2112        192         58          8         40       5394   show.o
        64         26        304          0       1536        816   startup_stm32f10x_hd.o
       274         30          0          0          0       3530   stm32f10x_flash.o
       282          6          0          0          0       1885   stm32f10x_fsmc.o
       430          6          0          0          0       3970   stm32f10x_gpio.o
        26          0          0          0          0       3918   stm32f10x_it.o
       308         38          0         20          0       5142   stm32f10x_rcc.o
      1320        160          0          0          0      13919   stm32f10x_tim.o
       434          6          0          0          0       5736   stm32f10x_usart.o
       310         10          0          0       2048       3641   stmflash.o
         0          0          0          0          0         32   sys.o
       328         28          0         20          0       2205   system_stm32f10x.o
       608         58          0         11         10       3094   timer.o
       330         26          0          6        200       4264   usart.o

    ----------------------------------------------------------------------
     27108       1126       6476        164       3848     359648   Object Totals
         0          0         32          0          0          0   (incl. Generated)
        20          0          2          6          0          0   (incl. Padding)

    ----------------------------------------------------------------------

      Code (inc. data)   RO Data    RW Data    ZI Data      Debug   Library Member Name

         8          0          0          0          0         68   __main.o
       104          0          0          0          0         84   __printf.o
        14          0          0          0          0         68   __printf_wp.o
         0          0          0          0          0          0   __rtentry.o
        12          0          0          0          0          0   __rtentry2.o
         6          0          0          0          0          0   __rtentry4.o
        52          8          0          0          0          0   __scatter.o
        26          0          0          0          0          0   __scatter_copy.o
        28          0          0          0          0          0   __scatter_zi.o
        28          0          0          0          0         68   _chval.o
        48          6          0          0          0         96   _printf_char_common.o
        36          4          0          0          0         80   _printf_char_file.o
         6          0          0          0          0          0   _printf_d.o
       120         16          0          0          0         92   _printf_dec.o
        88          4         40          0          0         88   _printf_hex_int.o
       178          0          0          0          0         88   _printf_intcommon.o
         0          0          0          0          0          0   _printf_percent.o
         4          0          0          0          0          0   _printf_percent_end.o
         6          0          0          0          0          0   _printf_x.o
        22          0          0          0          0        100   _rserrno.o
        64          0          0          0          0         84   _sgetc.o
       220          4        148          0          0         96   bigflt0.o
      1846        132          0          0          0        736   btod.o
        12          0          0          0          0         72   exit.o
         8          0          0          0          0         68   ferror.o
         6          0          0          0          0        152   heapauxi.o
        18          0          0          0          0         76   isspace.o
        44         10        272          0          0         76   lc_ctype_c.o
        44         10         28          0          0         76   lc_numeric_c.o
         2          0          0          0          0          0   libinit.o
        30          0          0          0          0          0   libinit2.o
         2          0          0          0          0          0   libshutdown.o
         2          0          0          0          0          0   libshutdown2.o
         8          4          0          0         96         68   libspace.o
        38          0          0          0          0         68   llshl.o
        24          4          0          0          0         84   noretval__2printf.o
        16          4          0          0          0         76   rt_ctype_table.o
         8          4          0          0          0         68   rt_errno_addr_intlibspace.o
         8          4          0          0          0         68   rt_locale_intlibspace.o
         2          0          0          0          0          0   rtexit.o
        10          0          0          0          0          0   rtexit2.o
      1188         12          0          0          0        148   scanf_fp.o
       792         14          0          0          0        100   scanf_hexfp.o
       308         16          0          0          0        100   scanf_infnan.o
       128          0          0          0          0         68   strcmpv7m.o
       160         12          0          0          0        120   strtod.o
        74          0          0          0          0         80   sys_stackheap_outer.o
         2          0          0          0          0         68   use_no_semi.o
         2          0          0          0          0         68   use_no_semi_2.o
        98          4          0          0          0         92   d2f.o
        16          4          0          0          0         68   dcheck1.o
        24          0          0          0          0         68   dcmpi.o
       120          4          0          0          0         92   deqf.o
        90          4          0          0          0         92   dfixu.o
        38          0          0          0          0         68   dflt_clz.o
       120          4          0          0          0         92   dleqf.o
       340         12          0          0          0        104   dmul.o
       156          4          0          0          0         92   dnaninf.o
        12          0          0          0          0         68   dretinf.o
       108          0          0          0          0         80   drleqf.o
       430          8          0          0          0        168   faddsub_clz.o
        24          0          0          0          0         68   fcmpi.o
       388         76          0          0          0         96   fdiv.o
        54          4          0          0          0         84   ffix.o
        62          4          0          0          0         84   ffixu.o
        48          0          0          0          0         68   fflt_clz.o
       104          4          0          0          0         84   fleqf.o
       258          4          0          0          0         84   fmul.o
       140          4          0          0          0         84   fnaninf.o
         0          0          8          0          0          0   fpconst.o
        10          0          0          0          0         68   fretinf.o
        98          0          0          0          0         68   frleqf.o
       100          0          0          0          0         68   retnan.o
        92          0          0          0          0         68   scalbn.o
         4          0          0          0          0         68   scanf1.o
         8          0          0          0          0         84   scanf2.o
        48          0          0          0          0         68   trapv.o
         0          0          0          0          0          0   usenofp.o
        42          0          0          0          0         84   atof.o
        30          6          0          0          0        136   dunder.o
        88          8          0          0          0         76   frexp.o
       138          0          0          0          0        160   ldexp.o
       152          4          0          0          0        168   narrow.o

    ----------------------------------------------------------------------
      9314        428        498          0        100       6304   Library Totals
        22          2          2          0          4          0   (incl. Padding)

    ----------------------------------------------------------------------

      Code (inc. data)   RO Data    RW Data    ZI Data      Debug   Library Name

      5852        268        488          0         96       3452   c_w.l
      2990        140          8          0          0       2228   fz_ws.l
       450         18          0          0          0        624   m_ws.l

    ----------------------------------------------------------------------
      9314        428        498          0        100       6304   Library Totals

    ----------------------------------------------------------------------

==============================================================================


      Code (inc. data)   RO Data    RW Data    ZI Data      Debug   

     36422       1554       6974        164       3948     357004   Grand Totals
     36422       1554       6974        164       3948     357004   ELF Image Totals
     36422       1554       6974        164          0          0   ROM Totals

==============================================================================

    Total RO  Size (Code + RO Data)                43396 (  42.38kB)
    Total RW  Size (RW Data + ZI Data)              4112 (   4.02kB)
    Total ROM Size (Code + RO Data + RW Data)      43560 (  42.54kB)

==============================================================================

