<html>
<body>
<pre>
<h1>µVision Build Log</h1>
<h2>Tool Versions:</h2>
IDE-Version: ¦ÌVision V5.14.0.0
Copyright (C) 2015 ARM Ltd and ARM Germany GmbH. All rights reserved.
License Information: DADDA chaojishuaideouba, DADSD, LIC=32BQD-85C47-YVY1Y-IW4NI-JZCPJ-2XW6C
 
Tool Versions:
Toolchain:       MDK-ARM Standard  Version: 5.14.0.0
Toolchain Path:  E:\MDK5\ARM\ARMCC\Bin
C Compiler:      Armcc.exe V5.05 update 1 (build 106)
Assembler:       Armasm.exe V5.05 update 1 (build 106)
Linker/Locator:  ArmLink.exe V5.05 update 1 (build 106)
Library Manager: ArmAr.exe V5.05 update 1 (build 106)
Hex Converter:   FromElf.exe V5.05 update 1 (build 106)
CPU DLL:         SARMCM3.DLL V5.14.0.0
Dialog DLL:      DARMSTM.DLL V1.65.0.0
Target DLL:      STLink\ST-LINKIII-KEIL_SWO.dll V2.0.14.0_KEIL
Dialog DLL:      TARMSTM.DLL V1.64.0.0
 
<h2>Project:</h2>
C:\Users\chaojishuaideouba\Desktop\GT3\USER\Template.uvprojx
Project File Date:  08/11/2019

<h2>Output:</h2>
Build target 'Template'
compiling main.c...
main.c(61): warning:  #223-D: function "sety" declared implicitly
         sety(120);
main.c(65): warning:  #167-D: argument of type "u8 *" is incompatible with parameter of type "const char *"
         num = atof(datatemp);
main.c(69): warning:  #167-D: argument of type "u8 *" is incompatible with parameter of type "const char *"
         num = atof(datatemp);
main.c(78): warning:  #167-D: argument of type "u8 *" is incompatible with parameter of type "const char *"
         num = atof(datatemp);
main.c(85): warning:  #167-D: argument of type "u8 *" is incompatible with parameter of type "const char *"
         num = atof(datatemp);
main.c(171): warning:  #167-D: argument of type "u8 *" is incompatible with parameter of type "const char *"
          num=atof(USART_RX_BUF);
main.c(50): warning:  #177-D: variable "keyboard" was declared but never referenced
         u8 keyboard;
main.c(52): warning:  #550-D: variable "str" was set but never used
        u8 *str=0;
main.c(35): warning:  #177-D: variable "Bias" was declared but never referenced
   static float Bias,Pwm,Integral_bias,Last_Bias;
main.c(35): warning:  #177-D: variable "Pwm" was declared but never referenced
   static float Bias,Pwm,Integral_bias,Last_Bias;
main.c(35): warning:  #177-D: variable "Integral_bias" was declared but never referenced
   static float Bias,Pwm,Integral_bias,Last_Bias;
main.c(35): warning:  #177-D: variable "Last_Bias" was declared but never referenced
   static float Bias,Pwm,Integral_bias,Last_Bias;
main.c: 12 warnings, 0 errors
linking...
Program Size: Code=37166 RO-data=6974 RW-data=184 ZI-data=3904  
FromELF: creating hex file...
"..\OBJ\Template.axf" - 0 Error(s), 12 Warning(s).

<h2>Collection of Component include folders:</h2>
  C:\Users\chaojishuaideouba\Desktop\GT3\USER\RTE
  E:\MDK5\ARM\PACK\Keil\STM32F1xx_DFP\1.0.5\Device\Include

<h2>Collection of Component Files used:</h2>
</pre>
</body>
</html>
